Archive member included to satisfy reference by file (symbol)

C:/STM32/STM32CubeIDE_1.19.0/STM32CubeIDE/plugins/com.st.stm32cube.ide.mcu.externaltools.gnu-tools-for-stm32.13.3.rel1.win32_1.0.0.202411081344/tools/bin/../lib/gcc/arm-none-eabi/13.3.1/../../../../arm-none-eabi/lib/thumb/v7-m/nofp\libc_nano.a(libc_a-exit.o)
                              C:/STM32/STM32CubeIDE_1.19.0/STM32CubeIDE/plugins/com.st.stm32cube.ide.mcu.externaltools.gnu-tools-for-stm32.13.3.rel1.win32_1.0.0.202411081344/tools/bin/../lib/gcc/arm-none-eabi/13.3.1/../../../../arm-none-eabi/lib/thumb/v7-m/nofp/crt0.o (exit)
C:/STM32/STM32CubeIDE_1.19.0/STM32CubeIDE/plugins/com.st.stm32cube.ide.mcu.externaltools.gnu-tools-for-stm32.13.3.rel1.win32_1.0.0.202411081344/tools/bin/../lib/gcc/arm-none-eabi/13.3.1/../../../../arm-none-eabi/lib/thumb/v7-m/nofp\libc_nano.a(libc_a-findfp.o)
                              ./Middlewares/Third_Party/FreeRTOS/Source/tasks.o (__sf)
C:/STM32/STM32CubeIDE_1.19.0/STM32CubeIDE/plugins/com.st.stm32cube.ide.mcu.externaltools.gnu-tools-for-stm32.13.3.rel1.win32_1.0.0.202411081344/tools/bin/../lib/gcc/arm-none-eabi/13.3.1/../../../../arm-none-eabi/lib/thumb/v7-m/nofp\libc_nano.a(libc_a-fwalk.o)
                              C:/STM32/STM32CubeIDE_1.19.0/STM32CubeIDE/plugins/com.st.stm32cube.ide.mcu.externaltools.gnu-tools-for-stm32.13.3.rel1.win32_1.0.0.202411081344/tools/bin/../lib/gcc/arm-none-eabi/13.3.1/../../../../arm-none-eabi/lib/thumb/v7-m/nofp\libc_nano.a(libc_a-findfp.o) (_fwalk_sglue)
C:/STM32/STM32CubeIDE_1.19.0/STM32CubeIDE/plugins/com.st.stm32cube.ide.mcu.externaltools.gnu-tools-for-stm32.13.3.rel1.win32_1.0.0.202411081344/tools/bin/../lib/gcc/arm-none-eabi/13.3.1/../../../../arm-none-eabi/lib/thumb/v7-m/nofp\libc_nano.a(libc_a-snprintf.o)
                              ./swisslog/Task/Src/LogDebugInfo.o (snprintf)
C:/STM32/STM32CubeIDE_1.19.0/STM32CubeIDE/plugins/com.st.stm32cube.ide.mcu.externaltools.gnu-tools-for-stm32.13.3.rel1.win32_1.0.0.202411081344/tools/bin/../lib/gcc/arm-none-eabi/13.3.1/../../../../arm-none-eabi/lib/thumb/v7-m/nofp\libc_nano.a(libc_a-stdio.o)
                              C:/STM32/STM32CubeIDE_1.19.0/STM32CubeIDE/plugins/com.st.stm32cube.ide.mcu.externaltools.gnu-tools-for-stm32.13.3.rel1.win32_1.0.0.202411081344/tools/bin/../lib/gcc/arm-none-eabi/13.3.1/../../../../arm-none-eabi/lib/thumb/v7-m/nofp\libc_nano.a(libc_a-findfp.o) (__sread)
C:/STM32/STM32CubeIDE_1.19.0/STM32CubeIDE/plugins/com.st.stm32cube.ide.mcu.externaltools.gnu-tools-for-stm32.13.3.rel1.win32_1.0.0.202411081344/tools/bin/../lib/gcc/arm-none-eabi/13.3.1/../../../../arm-none-eabi/lib/thumb/v7-m/nofp\libc_nano.a(libc_a-vsnprintf.o)
                              ./swisslog/Task/Src/LogDebugInfo.o (vsnprintf)
C:/STM32/STM32CubeIDE_1.19.0/STM32CubeIDE/plugins/com.st.stm32cube.ide.mcu.externaltools.gnu-tools-for-stm32.13.3.rel1.win32_1.0.0.202411081344/tools/bin/../lib/gcc/arm-none-eabi/13.3.1/../../../../arm-none-eabi/lib/thumb/v7-m/nofp\libc_nano.a(libc_a-memset.o)
                              C:/STM32/STM32CubeIDE_1.19.0/STM32CubeIDE/plugins/com.st.stm32cube.ide.mcu.externaltools.gnu-tools-for-stm32.13.3.rel1.win32_1.0.0.202411081344/tools/bin/../lib/gcc/arm-none-eabi/13.3.1/../../../../arm-none-eabi/lib/thumb/v7-m/nofp/crt0.o (memset)
C:/STM32/STM32CubeIDE_1.19.0/STM32CubeIDE/plugins/com.st.stm32cube.ide.mcu.externaltools.gnu-tools-for-stm32.13.3.rel1.win32_1.0.0.202411081344/tools/bin/../lib/gcc/arm-none-eabi/13.3.1/../../../../arm-none-eabi/lib/thumb/v7-m/nofp\libc_nano.a(libc_a-closer.o)
                              C:/STM32/STM32CubeIDE_1.19.0/STM32CubeIDE/plugins/com.st.stm32cube.ide.mcu.externaltools.gnu-tools-for-stm32.13.3.rel1.win32_1.0.0.202411081344/tools/bin/../lib/gcc/arm-none-eabi/13.3.1/../../../../arm-none-eabi/lib/thumb/v7-m/nofp\libc_nano.a(libc_a-stdio.o) (_close_r)
C:/STM32/STM32CubeIDE_1.19.0/STM32CubeIDE/plugins/com.st.stm32cube.ide.mcu.externaltools.gnu-tools-for-stm32.13.3.rel1.win32_1.0.0.202411081344/tools/bin/../lib/gcc/arm-none-eabi/13.3.1/../../../../arm-none-eabi/lib/thumb/v7-m/nofp\libc_nano.a(libc_a-reent.o)
                              ./Middlewares/Third_Party/FreeRTOS/Source/tasks.o (_reclaim_reent)
C:/STM32/STM32CubeIDE_1.19.0/STM32CubeIDE/plugins/com.st.stm32cube.ide.mcu.externaltools.gnu-tools-for-stm32.13.3.rel1.win32_1.0.0.202411081344/tools/bin/../lib/gcc/arm-none-eabi/13.3.1/../../../../arm-none-eabi/lib/thumb/v7-m/nofp\libc_nano.a(libc_a-impure.o)
                              ./Middlewares/Third_Party/FreeRTOS/Source/tasks.o (_impure_ptr)
C:/STM32/STM32CubeIDE_1.19.0/STM32CubeIDE/plugins/com.st.stm32cube.ide.mcu.externaltools.gnu-tools-for-stm32.13.3.rel1.win32_1.0.0.202411081344/tools/bin/../lib/gcc/arm-none-eabi/13.3.1/../../../../arm-none-eabi/lib/thumb/v7-m/nofp\libc_nano.a(libc_a-lseekr.o)
[...]
Memory Configuration

Name             Origin             Length             Attributes
RAM              0x20000000         0x00005000         xrw
FLASH            0x08000000         0x00010000         xr
*default*        0x00000000         0xffffffff

Linker script and memory map

LOAD C:/STM32/STM32CubeIDE_1.19.0/STM32CubeIDE/plugins/com.st.stm32cube.ide.mcu.externaltools.gnu-tools-for-stm32.13.3.rel1.win32_1.0.0.202411081344/tools/bin/../lib/gcc/arm-none-eabi/13.3.1/thumb/v7-m/nofp/crti.o
LOAD C:/STM32/STM32CubeIDE_1.19.0/STM32CubeIDE/plugins/com.st.stm32cube.ide.mcu.externaltools.gnu-tools-for-stm32.13.3.rel1.win32_1.0.0.202411081344/tools/bin/../lib/gcc/arm-none-eabi/13.3.1/thumb/v7-m/nofp/crtbegin.o
LOAD C:/STM32/STM32CubeIDE_1.19.0/STM32CubeIDE/plugins/com.st.stm32cube.ide.mcu.externaltools.gnu-tools-for-stm32.13.3.rel1.win32_1.0.0.202411081344/tools/bin/../lib/gcc/arm-none-eabi/13.3.1/../../../../arm-none-eabi/lib/thumb/v7-m/nofp/crt0.o
LOAD ./Core/Src/dma.o
LOAD ./Core/Src/freertos.o
LOAD ./Core/Src/gpio.o
LOAD ./Core/Src/main.o
LOAD ./Core/Src/stm32f1xx_hal_msp.o
LOAD ./Core/Src/stm32f1xx_hal_timebase_tim.o
LOAD ./Core/Src/stm32f1xx_it.o
LOAD ./Core/Src/syscalls.o
LOAD ./Core/Src/sysmem.o
LOAD ./Core/Src/system_stm32f1xx.o
LOAD ./Core/Src/usart.o
LOAD ./Core/Startup/startup_stm32f103c8tx.o
LOAD ./Drivers/STM32F1xx_HAL_Driver/Src/stm32f1xx_hal.o
LOAD ./Drivers/STM32F1xx_HAL_Driver/Src/stm32f1xx_hal_cortex.o
LOAD ./Drivers/STM32F1xx_HAL_Driver/Src/stm32f1xx_hal_dma.o
LOAD ./Drivers/STM32F1xx_HAL_Driver/Src/stm32f1xx_hal_exti.o
LOAD ./Drivers/STM32F1xx_HAL_Driver/Src/stm32f1xx_hal_flash.o
LOAD ./Drivers/STM32F1xx_HAL_Driver/Src/stm32f1xx_hal_flash_ex.o
LOAD ./Drivers/STM32F1xx_HAL_Driver/Src/stm32f1xx_hal_gpio.o
LOAD ./Drivers/STM32F1xx_HAL_Driver/Src/stm32f1xx_hal_gpio_ex.o
LOAD ./Drivers/STM32F1xx_HAL_Driver/Src/stm32f1xx_hal_pwr.o
LOAD ./Drivers/STM32F1xx_HAL_Driver/Src/stm32f1xx_hal_rcc.o
LOAD ./Drivers/STM32F1xx_HAL_Driver/Src/stm32f1xx_hal_rcc_ex.o
LOAD ./Drivers/STM32F1xx_HAL_Driver/Src/stm32f1xx_hal_tim.o
LOAD ./Drivers/STM32F1xx_HAL_Driver/Src/stm32f1xx_hal_tim_ex.o
LOAD ./Drivers/STM32F1xx_HAL_Driver/Src/stm32f1xx_hal_uart.o
LOAD ./Middlewares/Third_Party/FreeRTOS/Source/CMSIS_RTOS_V2/cmsis_os2.o
LOAD ./Middlewares/Third_Party/FreeRTOS/Source/croutine.o
LOAD ./Middlewares/Third_Party/FreeRTOS/Source/event_groups.o
LOAD ./Middlewares/Third_Party/FreeRTOS/Source/list.o
LOAD ./Middlewares/Third_Party/FreeRTOS/Source/queue.o
LOAD ./Middlewares/Third_Party/FreeRTOS/Source/stream_buffer.o
LOAD ./Middlewares/Third_Party/FreeRTOS/Source/tasks.o
LOAD ./Middlewares/Third_Party/FreeRTOS/Source/timers.o
LOAD ./Middlewares/Third_Party/FreeRTOS/Source/portable/GCC/ARM_CM3/port.o
LOAD ./Middlewares/Third_Party/FreeRTOS/Source/portable/MemMang/heap_4.o
LOAD ./swisslog/Task/Src/Calculate_Crc16.o
LOAD ./swisslog/Task/Src/LogDebugInfo.o
LOAD ./swisslog/Task/Src/Task_Flash.o
LOAD ./swisslog/Task/Src/Task_Init.o
LOAD ./swisslog/Task/Src/Task_LED_Segment.o
LOAD ./swisslog/Task/Src/Task_Parse.o
LOAD ./swisslog/Task/Src/Task_Slave_Addr.o
LOAD ./swisslog/Task/Src/Task_rs485.o
START GROUP
LOAD C:/STM32/STM32CubeIDE_1.19.0/STM32CubeIDE/plugins/com.st.stm32cube.ide.mcu.externaltools.gnu-tools-for-stm32.13.3.rel1.win32_1.0.0.202411081344/tools/bin/../lib/gcc/arm-none-eabi/13.3.1/../../../../arm-none-eabi/lib/thumb/v7-m/nofp\libc_nano.a
LOAD C:/STM32/STM32CubeIDE_1.19.0/STM32CubeIDE/plugins/com.st.stm32cube.ide.mcu.externaltools.gnu-tools-for-stm32.13.3.rel1.win32_1.0.0.202411081344/tools/bin/../lib/gcc/arm-none-eabi/13.3.1/../../../../arm-none-eabi/lib/thumb/v7-m/nofp\libm.a
END GROUP
START GROUP
LOAD C:/STM32/STM32CubeIDE_1.19.0/STM32CubeIDE/plugins/com.st.stm32cube.ide.mcu.externaltools.gnu-tools-for-stm32.13.3.rel1.win32_1.0.0.202411081344/tools/bin/../lib/gcc/arm-none-eabi/13.3.1/thumb/v7-m/nofp\libgcc.a
LOAD C:/STM32/STM32CubeIDE_1.19.0/STM32CubeIDE/plugins/com.st.stm32cube.ide.mcu.externaltools.gnu-tools-for-stm32.13.3.rel1.win32_1.0.0.202411081344/tools/bin/../lib/gcc/arm-none-eabi/13.3.1/../../../../arm-none-eabi/lib/thumb/v7-m/nofp\libc_nano.a
END GROUP
START GROUP
LOAD C:/STM32/STM32CubeIDE_1.19.0/STM32CubeIDE/plugins/com.st.stm32cube.ide.mcu.externaltools.gnu-tools-for-stm32.13.3.rel1.win32_1.0.0.202411081344/tools/bin/../lib/gcc/arm-none-eabi/13.3.1/thumb/v7-m/nofp\libgcc.a
LOAD C:/STM32/STM32CubeIDE_1.19.0/STM32CubeIDE/plugins/com.st.stm32cube.ide.mcu.externaltools.gnu-tools-for-stm32.13.3.rel1.win32_1.0.0.202411081344/tools/bin/../lib/gcc/arm-none-eabi/13.3.1/../../../../arm-none-eabi/lib/thumb/v7-m/nofp\libc_nano.a
LOAD C:/STM32/STM32CubeIDE_1.19.0/STM32CubeIDE/plugins/com.st.stm32cube.ide.mcu.externaltools.gnu-tools-for-stm32.13.3.rel1.win32_1.0.0.202411081344/tools/bin/../lib/gcc/arm-none-eabi/13.3.1/../../../../arm-none-eabi/lib/thumb/v7-m/nofp\libnosys.a
END GROUP
START GROUP
LOAD C:/STM32/STM32CubeIDE_1.19.0/STM32CubeIDE/plugins/com.st.stm32cube.ide.mcu.externaltools.gnu-tools-for-stm32.13.3.rel1.win32_1.0.0.202411081344/tools/bin/../lib/gcc/arm-none-eabi/13.3.1/thumb/v7-m/nofp\libgcc.a
LOAD C:/STM32/STM32CubeIDE_1.19.0/STM32CubeIDE/plugins/com.st.stm32cube.ide.mcu.externaltools.gnu-tools-for-stm32.13.3.rel1.win32_1.0.0.202411081344/tools/bin/../lib/gcc/arm-none-eabi/13.3.1/../../../../arm-none-eabi/lib/thumb/v7-m/nofp\libc_nano.a
LOAD C:/STM32/STM32CubeIDE_1.19.0/STM32CubeIDE/plugins/com.st.stm32cube.ide.mcu.externaltools.gnu-tools-for-stm32.13.3.rel1.win32_1.0.0.202411081344/tools/bin/../lib/gcc/arm-none-eabi/13.3.1/../../../../arm-none-eabi/lib/thumb/v7-m/nofp\libnosys.a
END GROUP
LOAD C:/STM32/STM32CubeIDE_1.19.0/STM32CubeIDE/plugins/com.st.stm32cube.ide.mcu.externaltools.gnu-tools-for-stm32.13.3.rel1.win32_1.0.0.202411081344/tools/bin/../lib/gcc/arm-none-eabi/13.3.1/thumb/v7-m/nofp/crtend.o
LOAD C:/STM32/STM32CubeIDE_1.19.0/STM32CubeIDE/plugins/com.st.stm32cube.ide.mcu.externaltools.gnu-tools-for-stm32.13.3.rel1.win32_1.0.0.202411081344/tools/bin/../lib/gcc/arm-none-eabi/13.3.1/thumb/v7-m/nofp/crtn.o
                0x20005000                        _estack = (ORIGIN (RAM) + LENGTH (RAM))
                0x00000200                        _Min_Heap_Size = 0x200
                0x00000400                        _Min_Stack_Size = 0x400

.isr_vector     0x08000000      0x10c
                0x08000000                        . = ALIGN (0x4)
 *(.isr_vector)
 .isr_vector    0x08000000      0x10c ./Core/Startup/startup_stm32f103c8tx.o
                0x08000000                g_pfnVectors
                0x0800010c                        . = ALIGN (0x4)

.text           0x08000110     0x8000
                0x08000110                        . = ALIGN (0x4)
 *(.text)
 .text          0x08000110       0x40 C:/STM32/STM32CubeIDE_1.19.0/STM32CubeIDE/plugins/com.st.stm32cube.ide.mcu.externaltools.gnu-tools-for-stm32.13.3.rel1.win32_1.0.0.202411081344/tools/bin/../lib/gcc/arm-none-eabi/13.3.1/thumb/v7-m/nofp/crtbegin.o
 *(.text*)
 .text.MX_DMA_Init
                0x08000150       0x3c ./Core/Src/dma.o
                0x08000150                MX_DMA_Init
 .text.MX_FREERTOS_Init
                0x0800018c       0xdc ./Core/Src/freertos.o
                0x0800018c                MX_FREERTOS_Init
 .text.StartDefaultTask
                0x08000268       0x10 ./Core/Src/freertos.o
                0x08000268                StartDefaultTask
 .text.MX_GPIO_Init
                0x08000278      0x10c ./Core/Src/gpio.o
                0x08000278                MX_GPIO_Init
 .text.main     0x08000384       0x40 ./Core/Src/main.o
                0x08000384                main
 .text.SystemClock_Config
                0x080003c4       0x8a ./Core/Src/main.o
                0x080003c4                SystemClock_Config
 *fill*         0x0800044e        0x2 
 .text.HAL_TIM_PeriodElapsedCallback
                0x08000450       0x24 ./Core/Src/main.o
                0x08000450                HAL_TIM_PeriodElapsedCallback
 .text.Error_Handler
                0x08000474        0xc ./Core/Src/main.o
                0x08000474                Error_Handler
 .text.HAL_MspInit
                0x08000480       0x70 ./Core/Src/stm32f1xx_hal_msp.o
                0x08000480                HAL_MspInit
 .text.HAL_InitTick
                0x080004f0       0xfc ./Core/Src/stm32f1xx_hal_timebase_tim.o
                0x080004f0                HAL_InitTick
 .text.NMI_Handler
                0x080005ec        0x8 ./Core/Src/stm32f1xx_it.o
                0x080005ec                NMI_Handler
 .text.HardFault_Handler
                0x080005f4        0x8 ./Core/Src/stm32f1xx_it.o
                0x080005f4                HardFault_Handler
 .text.MemManage_Handler
                0x080005fc        0x8 ./Core/Src/stm32f1xx_it.o
                0x080005fc                MemManage_Handler
 .text.BusFault_Handler
                0x08000604        0x8 ./Core/Src/stm32f1xx_it.o
                0x08000604                BusFault_Handler
 .text.UsageFault_Handler
                0x0800060c        0x8 ./Core/Src/stm32f1xx_it.o
                0x0800060c                UsageFault_Handler
 .text.DebugMon_Handler
                0x08000614        0xc ./Core/Src/stm32f1xx_it.o
                0x08000614                DebugMon_Handler
 .text.DMA1_Channel5_IRQHandler
                0x08000620       0x14 ./Core/Src/stm32f1xx_it.o
                0x08000620                DMA1_Channel5_IRQHandler
 .text.TIM4_IRQHandler
                0x08000634       0x14 ./Core/Src/stm32f1xx_it.o
                0x08000634                TIM4_IRQHandler
 .text.USART1_IRQHandler
                0x08000648       0x14 ./Core/Src/stm32f1xx_it.o
                0x08000648                USART1_IRQHandler
 .text.USART2_IRQHandler
                0x0800065c       0x14 ./Core/Src/stm32f1xx_it.o
                0x0800065c                USART2_IRQHandler
 .text.HAL_UARTEx_RxEventCallback
                0x08000670       0x70 ./Core/Src/stm32f1xx_it.o
                0x08000670                HAL_UARTEx_RxEventCallback
 .text._sbrk    0x080006e0       0x6c ./Core/Src/sysmem.o
                0x080006e0                _sbrk
 .text.SystemInit
                0x0800074c        0xc ./Core/Src/system_stm32f1xx.o
                0x0800074c                SystemInit
 .text.MX_USART1_UART_Init
                0x08000758       0x54 ./Core/Src/usart.o
                0x08000758                MX_USART1_UART_Init
 .text.MX_USART2_UART_Init
                0x080007ac       0x54 ./Core/Src/usart.o
                0x080007ac                MX_USART2_UART_Init
 .text.HAL_UART_MspInit
                0x08000800      0x180 ./Core/Src/usart.o
                0x08000800                HAL_UART_MspInit
 .text.Reset_Handler
                0x08000980       0x48 ./Core/Startup/startup_stm32f103c8tx.o
                0x08000980                Reset_Handler
 .text.Default_Handler
                0x080009c8        0x2 ./Core/Startup/startup_stm32f103c8tx.o
                0x080009c8                RTC_Alarm_IRQHandler
                0x080009c8                EXTI2_IRQHandler
                0x080009c8                TIM1_CC_IRQHandler
                0x080009c8                PVD_IRQHandler
                0x080009c8                EXTI3_IRQHandler
                0x080009c8                EXTI0_IRQHandler
                0x080009c8                I2C2_EV_IRQHandler
                0x080009c8                ADC1_2_IRQHandler
                0x080009c8                SPI1_IRQHandler
                0x080009c8                TAMPER_IRQHandler
                0x080009c8                DMA1_Channel4_IRQHandler
                0x080009c8                USART3_IRQHandler
                0x080009c8                RTC_IRQHandler
                0x080009c8                DMA1_Channel7_IRQHandler
                0x080009c8                CAN1_RX1_IRQHandler
                0x080009c8                I2C1_EV_IRQHandler
                0x080009c8                DMA1_Channel6_IRQHandler
                0x080009c8                TIM3_IRQHandler
                0x080009c8                RCC_IRQHandler
                0x080009c8                TIM1_TRG_COM_IRQHandler
                0x080009c8                DMA1_Channel1_IRQHandler
                0x080009c8                Default_Handler
                0x080009c8                EXTI15_10_IRQHandler
                0x080009c8                EXTI9_5_IRQHandler
                0x080009c8                SPI2_IRQHandler
                0x080009c8                EXTI4_IRQHandler
                0x080009c8                USB_LP_CAN1_RX0_IRQHandler
                0x080009c8                USB_HP_CAN1_TX_IRQHandler
                0x080009c8                DMA1_Channel3_IRQHandler
                0x080009c8                TIM1_UP_IRQHandler
                0x080009c8                WWDG_IRQHandler
                0x080009c8                TIM2_IRQHandler
                0x080009c8                TIM1_BRK_IRQHandler
                0x080009c8                EXTI1_IRQHandler
                0x080009c8                I2C2_ER_IRQHandler
                0x080009c8                DMA1_Channel2_IRQHandler
                0x080009c8                CAN1_SCE_IRQHandler
                0x080009c8                FLASH_IRQHandler
                0x080009c8                I2C1_ER_IRQHandler
                0x080009c8                USBWakeUp_IRQHandler
 *fill*         0x080009ca        0x2 
 .text.HAL_Init
                0x080009cc       0x2c ./Drivers/STM32F1xx_HAL_Driver/Src/stm32f1xx_hal.o
                0x080009cc                HAL_Init
 .text.HAL_IncTick
                0x080009f8       0x24 ./Drivers/STM32F1xx_HAL_Driver/Src/stm32f1xx_hal.o
                0x080009f8                HAL_IncTick
 .text.HAL_GetTick
                0x08000a1c       0x14 ./Drivers/STM32F1xx_HAL_Driver/Src/stm32f1xx_hal.o
                0x08000a1c                HAL_GetTick
 .text.HAL_Delay
                0x08000a30       0x48 ./Drivers/STM32F1xx_HAL_Driver/Src/stm32f1xx_hal.o
                0x08000a30                HAL_Delay
 .text.__NVIC_SetPriorityGrouping
                0x08000a78       0x48 ./Drivers/STM32F1xx_HAL_Driver/Src/stm32f1xx_hal_cortex.o
 .text.__NVIC_GetPriorityGrouping
                0x08000ac0       0x1c ./Drivers/STM32F1xx_HAL_Driver/Src/stm32f1xx_hal_cortex.o
 .text.__NVIC_EnableIRQ
                0x08000adc       0x38 ./Drivers/STM32F1xx_HAL_Driver/Src/stm32f1xx_hal_cortex.o
 .text.__NVIC_SetPriority
                0x08000b14       0x54 ./Drivers/STM32F1xx_HAL_Driver/Src/stm32f1xx_hal_cortex.o
 .text.NVIC_EncodePriority
                0x08000b68       0x64 ./Drivers/STM32F1xx_HAL_Driver/Src/stm32f1xx_hal_cortex.o
 .text.HAL_NVIC_SetPriorityGrouping
                0x08000bcc       0x16 ./Drivers/STM32F1xx_HAL_Driver/Src/stm32f1xx_hal_cortex.o
                0x08000bcc                HAL_NVIC_SetPriorityGrouping
 .text.HAL_NVIC_SetPriority
                0x08000be2       0x38 ./Drivers/STM32F1xx_HAL_Driver/Src/stm32f1xx_hal_cortex.o
                0x08000be2                HAL_NVIC_SetPriority
 .text.HAL_NVIC_EnableIRQ
                0x08000c1a       0x1c ./Drivers/STM32F1xx_HAL_Driver/Src/stm32f1xx_hal_cortex.o
                0x08000c1a                HAL_NVIC_EnableIRQ
 *fill*         0x08000c36        0x2 
 .text.HAL_DMA_Init
                0x08000c38       0xb4 ./Drivers/STM32F1xx_HAL_Driver/Src/stm32f1xx_hal_dma.o
                0x08000c38                HAL_DMA_Init
 .text.HAL_DMA_Start_IT
                0x08000cec       0xc0 ./Drivers/STM32F1xx_HAL_Driver/Src/stm32f1xx_hal_dma.o
                0x08000cec                HAL_DMA_Start_IT
 .text.HAL_DMA_Abort
                0x08000dac       0x76 ./Drivers/STM32F1xx_HAL_Driver/Src/stm32f1xx_hal_dma.o
                0x08000dac                HAL_DMA_Abort
 *fill*         0x08000e22        0x2 
 .text.HAL_DMA_Abort_IT
                0x08000e24       0xf0 ./Drivers/STM32F1xx_HAL_Driver/Src/stm32f1xx_hal_dma.o
                0x08000e24                HAL_DMA_Abort_IT
 .text.HAL_DMA_IRQHandler
                0x08000f14      0x20c ./Drivers/STM32F1xx_HAL_Driver/Src/stm32f1xx_hal_dma.o
                0x08000f14                HAL_DMA_IRQHandler
 .text.DMA_SetConfig
                0x08001120       0x5a ./Drivers/STM32F1xx_HAL_Driver/Src/stm32f1xx_hal_dma.o
 *fill*         0x0800117a        0x2 
 .text.HAL_FLASH_Program
                0x0800117c       0xe0 ./Drivers/STM32F1xx_HAL_Driver/Src/stm32f1xx_hal_flash.o
                0x0800117c                HAL_FLASH_Program
 .text.HAL_FLASH_Unlock
                0x0800125c       0x4c ./Drivers/STM32F1xx_HAL_Driver/Src/stm32f1xx_hal_flash.o
                0x0800125c                HAL_FLASH_Unlock
 .text.HAL_FLASH_Lock
                0x080012a8       0x20 ./Drivers/STM32F1xx_HAL_Driver/Src/stm32f1xx_hal_flash.o
                0x080012a8                HAL_FLASH_Lock
 .text.FLASH_Program_HalfWord
                0x080012c8       0x38 ./Drivers/STM32F1xx_HAL_Driver/Src/stm32f1xx_hal_flash.o
 .text.FLASH_WaitForLastOperation
                0x08001300       0x8c ./Drivers/STM32F1xx_HAL_Driver/Src/stm32f1xx_hal_flash.o
                0x08001300                FLASH_WaitForLastOperation
 .text.FLASH_SetErrorCode
                0x0800138c       0xa0 ./Drivers/STM32F1xx_HAL_Driver/Src/stm32f1xx_hal_flash.o
 .text.HAL_FLASHEx_Erase
                0x0800142c       0xd8 ./Drivers/STM32F1xx_HAL_Driver/Src/stm32f1xx_hal_flash_ex.o
                0x0800142c                HAL_FLASHEx_Erase
 .text.FLASH_MassErase
                0x08001504       0x38 ./Drivers/STM32F1xx_HAL_Driver/Src/stm32f1xx_hal_flash_ex.o
 .text.FLASH_PageErase
                0x0800153c       0x40 ./Drivers/STM32F1xx_HAL_Driver/Src/stm32f1xx_hal_flash_ex.o
                0x0800153c                FLASH_PageErase
 .text.HAL_GPIO_Init
                0x0800157c      0x308 ./Drivers/STM32F1xx_HAL_Driver/Src/stm32f1xx_hal_gpio.o
                0x0800157c                HAL_GPIO_Init
 .text.HAL_GPIO_WritePin
                0x08001884       0x30 ./Drivers/STM32F1xx_HAL_Driver/Src/stm32f1xx_hal_gpio.o
                0x08001884                HAL_GPIO_WritePin
 .text.HAL_RCC_OscConfig
                0x080018b4      0x504 ./Drivers/STM32F1xx_HAL_Driver/Src/stm32f1xx_hal_rcc.o
                0x080018b4                HAL_RCC_OscConfig
 .text.HAL_RCC_ClockConfig
                0x08001db8      0x1d4 ./Drivers/STM32F1xx_HAL_Driver/Src/stm32f1xx_hal_rcc.o
                0x08001db8                HAL_RCC_ClockConfig
 .text.HAL_RCC_GetSysClockFreq
                0x08001f8c       0xa8 ./Drivers/STM32F1xx_HAL_Driver/Src/stm32f1xx_hal_rcc.o
                0x08001f8c                HAL_RCC_GetSysClockFreq
 .text.HAL_RCC_GetHCLKFreq
                0x08002034       0x14 ./Drivers/STM32F1xx_HAL_Driver/Src/stm32f1xx_hal_rcc.o
                0x08002034                HAL_RCC_GetHCLKFreq
 .text.HAL_RCC_GetPCLK1Freq
                0x08002048       0x28 ./Drivers/STM32F1xx_HAL_Driver/Src/stm32f1xx_hal_rcc.o
                0x08002048                HAL_RCC_GetPCLK1Freq
 .text.HAL_RCC_GetPCLK2Freq
                0x08002070       0x28 ./Drivers/STM32F1xx_HAL_Driver/Src/stm32f1xx_hal_rcc.o
                0x08002070                HAL_RCC_GetPCLK2Freq
 .text.HAL_RCC_GetClockConfig
                0x08002098       0x60 ./Drivers/STM32F1xx_HAL_Driver/Src/stm32f1xx_hal_rcc.o
                0x08002098                HAL_RCC_GetClockConfig
 .text.RCC_Delay
                0x080020f8       0x3c ./Drivers/STM32F1xx_HAL_Driver/Src/stm32f1xx_hal_rcc.o
 .text.HAL_TIM_Base_Init
                0x08002134       0x9e ./Drivers/STM32F1xx_HAL_Driver/Src/stm32f1xx_hal_tim.o
                0x08002134                HAL_TIM_Base_Init
 .text.HAL_TIM_Base_MspInit
                0x080021d2       0x12 ./Drivers/STM32F1xx_HAL_Driver/Src/stm32f1xx_hal_tim.o
                0x080021d2                HAL_TIM_Base_MspInit
 .text.HAL_TIM_Base_Start_IT
                0x080021e4       0xa4 ./Drivers/STM32F1xx_HAL_Driver/Src/stm32f1xx_hal_tim.o
                0x080021e4                HAL_TIM_Base_Start_IT
 .text.HAL_TIM_IRQHandler
                0x08002288      0x1e0 ./Drivers/STM32F1xx_HAL_Driver/Src/stm32f1xx_hal_tim.o
                0x08002288                HAL_TIM_IRQHandler
 .text.HAL_TIM_OC_DelayElapsedCallback
                0x08002468       0x12 ./Drivers/STM32F1xx_HAL_Driver/Src/stm32f1xx_hal_tim.o
                0x08002468                HAL_TIM_OC_DelayElapsedCallback
 .text.HAL_TIM_IC_CaptureCallback
                0x0800247a       0x12 ./Drivers/STM32F1xx_HAL_Driver/Src/stm32f1xx_hal_tim.o
                0x0800247a                HAL_TIM_IC_CaptureCallback
 .text.HAL_TIM_PWM_PulseFinishedCallback
                0x0800248c       0x12 ./Drivers/STM32F1xx_HAL_Driver/Src/stm32f1xx_hal_tim.o
                0x0800248c                HAL_TIM_PWM_PulseFinishedCallback
 .text.HAL_TIM_TriggerCallback
                0x0800249e       0x12 ./Drivers/STM32F1xx_HAL_Driver/Src/stm32f1xx_hal_tim.o
                0x0800249e                HAL_TIM_TriggerCallback
 .text.TIM_Base_SetConfig
                0x080024b0       0xdc ./Drivers/STM32F1xx_HAL_Driver/Src/stm32f1xx_hal_tim.o
                0x080024b0                TIM_Base_SetConfig
 .text.HAL_TIMEx_CommutCallback
                0x0800258c       0x12 ./Drivers/STM32F1xx_HAL_Driver/Src/stm32f1xx_hal_tim_ex.o
                0x0800258c                HAL_TIMEx_CommutCallback
 .text.HAL_TIMEx_BreakCallback
                0x0800259e       0x12 ./Drivers/STM32F1xx_HAL_Driver/Src/stm32f1xx_hal_tim_ex.o
                0x0800259e                HAL_TIMEx_BreakCallback
 .text.HAL_UART_Init
                0x080025b0       0xa0 ./Drivers/STM32F1xx_HAL_Driver/Src/stm32f1xx_hal_uart.o
                0x080025b0                HAL_UART_Init
 .text.HAL_UART_Transmit
                0x08002650      0x116 ./Drivers/STM32F1xx_HAL_Driver/Src/stm32f1xx_hal_uart.o
                0x08002650                HAL_UART_Transmit
 .text.HAL_UART_Receive
                0x08002766      0x12e ./Drivers/STM32F1xx_HAL_Driver/Src/stm32f1xx_hal_uart.o
                0x08002766                HAL_UART_Receive
 .text.HAL_UARTEx_ReceiveToIdle_DMA
                0x08002894       0xb2 ./Drivers/STM32F1xx_HAL_Driver/Src/stm32f1xx_hal_uart.o
                0x08002894                HAL_UARTEx_ReceiveToIdle_DMA
 *fill*         0x08002946        0x2 
 .text.HAL_UART_IRQHandler
                0x08002948      0x524 ./Drivers/STM32F1xx_HAL_Driver/Src/stm32f1xx_hal_uart.o
                0x08002948                HAL_UART_IRQHandler
 .text.HAL_UART_TxCpltCallback
                0x08002e6c       0x12 ./Drivers/STM32F1xx_HAL_Driver/Src/stm32f1xx_hal_uart.o
                0x08002e6c                HAL_UART_TxCpltCallback
 .text.HAL_UART_RxCpltCallback
                0x08002e7e       0x12 ./Drivers/STM32F1xx_HAL_Driver/Src/stm32f1xx_hal_uart.o
                0x08002e7e                HAL_UART_RxCpltCallback
 .text.HAL_UART_RxHalfCpltCallback
                0x08002e90       0x12 ./Drivers/STM32F1xx_HAL_Driver/Src/stm32f1xx_hal_uart.o
                0x08002e90                HAL_UART_RxHalfCpltCallback
 .text.HAL_UART_ErrorCallback
                0x08002ea2       0x12 ./Drivers/STM32F1xx_HAL_Driver/Src/stm32f1xx_hal_uart.o
                0x08002ea2                HAL_UART_ErrorCallback
 .text.UART_DMAReceiveCplt
                0x08002eb4      0x12c ./Drivers/STM32F1xx_HAL_Driver/Src/stm32f1xx_hal_uart.o
 .text.UART_DMARxHalfCplt
                0x08002fe0       0x3c ./Drivers/STM32F1xx_HAL_Driver/Src/stm32f1xx_hal_uart.o
 .text.UART_DMAError
                0x0800301c       0x94 ./Drivers/STM32F1xx_HAL_Driver/Src/stm32f1xx_hal_uart.o
 .text.UART_WaitOnFlagUntilTimeout
                0x080030b0       0xb2 ./Drivers/STM32F1xx_HAL_Driver/Src/stm32f1xx_hal_uart.o
 *fill*         0x08003162        0x2 
 .text.UART_Start_Receive_DMA
                0x08003164      0x134 ./Drivers/STM32F1xx_HAL_Driver/Src/stm32f1xx_hal_uart.o
                0x08003164                UART_Start_Receive_DMA
 .text.UART_EndTxTransfer
                0x08003298       0x4e ./Drivers/STM32F1xx_HAL_Driver/Src/stm32f1xx_hal_uart.o
 .text.UART_EndRxTransfer
                0x080032e6       0xc4 ./Drivers/STM32F1xx_HAL_Driver/Src/stm32f1xx_hal_uart.o
 .text.UART_DMAAbortOnError
                0x080033aa       0x28 ./Drivers/STM32F1xx_HAL_Driver/Src/stm32f1xx_hal_uart.o
 .text.UART_Transmit_IT
                0x080033d2       0x9e ./Drivers/STM32F1xx_HAL_Driver/Src/stm32f1xx_hal_uart.o
 .text.UART_EndTransmit_IT
                0x08003470       0x30 ./Drivers/STM32F1xx_HAL_Driver/Src/stm32f1xx_hal_uart.o
 .text.UART_Receive_IT
                0x080034a0      0x17c ./Drivers/STM32F1xx_HAL_Driver/Src/stm32f1xx_hal_uart.o
 .text.UART_SetConfig
                0x0800361c      0x11c ./Drivers/STM32F1xx_HAL_Driver/Src/stm32f1xx_hal_uart.o
 .text.__NVIC_SetPriority
                0x08003738       0x54 ./Middlewares/Third_Party/FreeRTOS/Source/CMSIS_RTOS_V2/cmsis_os2.o
 .text.SysTick_Handler
                0x0800378c       0x20 ./Middlewares/Third_Party/FreeRTOS/Source/CMSIS_RTOS_V2/cmsis_os2.o
                0x0800378c                SysTick_Handler
 .text.SVC_Setup
                0x080037ac       0x12 ./Middlewares/Third_Party/FreeRTOS/Source/CMSIS_RTOS_V2/cmsis_os2.o
 *fill*         0x080037be        0x2 
 .text.osKernelInitialize
                0x080037c0       0x44 ./Middlewares/Third_Party/FreeRTOS/Source/CMSIS_RTOS_V2/cmsis_os2.o
                0x080037c0                osKernelInitialize
 .text.osKernelStart
                0x08003804       0x4c ./Middlewares/Third_Party/FreeRTOS/Source/CMSIS_RTOS_V2/cmsis_os2.o
                0x08003804                osKernelStart
 .text.osThreadNew
                0x08003850      0x124 ./Middlewares/Third_Party/FreeRTOS/Source/CMSIS_RTOS_V2/cmsis_os2.o
                0x08003850                osThreadNew
 .text.osThreadExit
                0x08003974        0xe ./Middlewares/Third_Party/FreeRTOS/Source/CMSIS_RTOS_V2/cmsis_os2.o
                0x08003974                osThreadExit
 .text.osDelay  0x08003982       0x36 ./Middlewares/Third_Party/FreeRTOS/Source/CMSIS_RTOS_V2/cmsis_os2.o
                0x08003982                osDelay
 .text.osSemaphoreNew
                0x080039b8      0x112 ./Middlewares/Third_Party/FreeRTOS/Source/CMSIS_RTOS_V2/cmsis_os2.o
                0x080039b8                osSemaphoreNew
 *fill*         0x08003aca        0x2 
 .text.vApplicationGetIdleTaskMemory
                0x08003acc       0x30 ./Middlewares/Third_Party/FreeRTOS/Source/CMSIS_RTOS_V2/cmsis_os2.o
                0x08003acc                vApplicationGetIdleTaskMemory
 .text.vApplicationGetTimerTaskMemory
                0x08003afc       0x30 ./Middlewares/Third_Party/FreeRTOS/Source/CMSIS_RTOS_V2/cmsis_os2.o
                0x08003afc                vApplicationGetTimerTaskMemory
 .text.vListInitialise
                0x08003b2c       0x3e ./Middlewares/Third_Party/FreeRTOS/Source/list.o
                0x08003b2c                vListInitialise
 .text.vListInitialiseItem
                0x08003b6a       0x18 ./Middlewares/Third_Party/FreeRTOS/Source/list.o
                0x08003b6a                vListInitialiseItem
 .text.vListInsertEnd
                0x08003b82       0x46 ./Middlewares/Third_Party/FreeRTOS/Source/list.o
                0x08003b82                vListInsertEnd
 .text.vListInsert
                0x08003bc8       0x70 ./Middlewares/Third_Party/FreeRTOS/Source/list.o
                0x08003bc8                vListInsert
 .text.uxListRemove
                0x08003c38       0x52 ./Middlewares/Third_Party/FreeRTOS/Source/list.o
                0x08003c38                uxListRemove
 *fill*         0x08003c8a        0x2 
 .text.xQueueGenericReset
                0x08003c8c       0xd4 ./Middlewares/Third_Party/FreeRTOS/Source/queue.o
                0x08003c8c                xQueueGenericReset
 .text.xQueueGenericCreateStatic
                0x08003d60       0xfa ./Middlewares/Third_Party/FreeRTOS/Source/queue.o
                0x08003d60                xQueueGenericCreateStatic
 .text.xQueueGenericCreate
                0x08003e5a       0x76 ./Middlewares/Third_Party/FreeRTOS/Source/queue.o
                0x08003e5a                xQueueGenericCreate
 .text.prvInitialiseNewQueue
                0x08003ed0       0x46 ./Middlewares/Third_Party/FreeRTOS/Source/queue.o
 .text.xQueueCreateCountingSemaphoreStatic
                0x08003f16       0x72 ./Middlewares/Third_Party/FreeRTOS/Source/queue.o
                0x08003f16                xQueueCreateCountingSemaphoreStatic
 .text.xQueueCreateCountingSemaphore
                0x08003f88       0x6a ./Middlewares/Third_Party/FreeRTOS/Source/queue.o
                0x08003f88                xQueueCreateCountingSemaphore
 *fill*         0x08003ff2        0x2 
 .text.xQueueGenericSend
                0x08003ff4      0x204 ./Middlewares/Third_Party/FreeRTOS/Source/queue.o
                0x08003ff4                xQueueGenericSend
 .text.xQueueGenericSendFromISR
                0x080041f8      0x13c ./Middlewares/Third_Party/FreeRTOS/Source/queue.o
                0x080041f8                xQueueGenericSendFromISR
 .text.xQueueGiveFromISR
                0x08004334      0x120 ./Middlewares/Third_Party/FreeRTOS/Source/queue.o
                0x08004334                xQueueGiveFromISR
 .text.xQueueReceive
                0x08004454      0x1c4 ./Middlewares/Third_Party/FreeRTOS/Source/queue.o
                0x08004454                xQueueReceive
 .text.xQueueSemaphoreTake
                0x08004618      0x220 ./Middlewares/Third_Party/FreeRTOS/Source/queue.o
                0x08004618                xQueueSemaphoreTake
 .text.vQueueDelete
                0x08004838       0x48 ./Middlewares/Third_Party/FreeRTOS/Source/queue.o
                0x08004838                vQueueDelete
 .text.prvGetDisinheritPriorityAfterTimeout
                0x08004880       0x2e ./Middlewares/Third_Party/FreeRTOS/Source/queue.o
 .text.prvCopyDataToQueue
                0x080048ae       0xd4 ./Middlewares/Third_Party/FreeRTOS/Source/queue.o
 .text.prvCopyDataFromQueue
                0x08004982       0x4c ./Middlewares/Third_Party/FreeRTOS/Source/queue.o
 .text.prvUnlockQueue
                0x080049ce       0xa4 ./Middlewares/Third_Party/FreeRTOS/Source/queue.o
 .text.prvIsQueueEmpty
                0x08004a72       0x2c ./Middlewares/Third_Party/FreeRTOS/Source/queue.o
 .text.prvIsQueueFull
                0x08004a9e       0x30 ./Middlewares/Third_Party/FreeRTOS/Source/queue.o
 *fill*         0x08004ace        0x2 
 .text.vQueueAddToRegistry
                0x08004ad0       0x50 ./Middlewares/Third_Party/FreeRTOS/Source/queue.o
                0x08004ad0                vQueueAddToRegistry
 .text.vQueueUnregisterQueue
                0x08004b20       0x54 ./Middlewares/Third_Party/FreeRTOS/Source/queue.o
                0x08004b20                vQueueUnregisterQueue
 .text.vQueueWaitForMessageRestricted
                0x08004b74       0x68 ./Middlewares/Third_Party/FreeRTOS/Source/queue.o
                0x08004b74                vQueueWaitForMessageRestricted
 .text.xTaskCreateStatic
                0x08004bdc       0xc0 ./Middlewares/Third_Party/FreeRTOS/Source/tasks.o
                0x08004bdc                xTaskCreateStatic
 .text.xTaskCreate
                0x08004c9c       0x8a ./Middlewares/Third_Party/FreeRTOS/Source/tasks.o
                0x08004c9c                xTaskCreate
 *fill*         0x08004d26        0x2 
 .text.prvInitialiseNewTask
                0x08004d28      0x150 ./Middlewares/Third_Party/FreeRTOS/Source/tasks.o
 .text.prvAddNewTaskToReadyList
                0x08004e78       0xe0 ./Middlewares/Third_Party/FreeRTOS/Source/tasks.o
 .text.vTaskDelete
                0x08004f58       0xe8 ./Middlewares/Third_Party/FreeRTOS/Source/tasks.o
                0x08004f58                vTaskDelete
 .text.vTaskDelay
                0x08005040       0x6c ./Middlewares/Third_Party/FreeRTOS/Source/tasks.o
                0x08005040                vTaskDelay
 .text.vTaskStartScheduler
                0x080050ac       0xe0 ./Middlewares/Third_Party/FreeRTOS/Source/tasks.o
                0x080050ac                vTaskStartScheduler
 .text.vTaskSuspendAll
                0x0800518c       0x1c ./Middlewares/Third_Party/FreeRTOS/Source/tasks.o
                0x0800518c                vTaskSuspendAll
 .text.xTaskResumeAll
                0x080051a8      0x13c ./Middlewares/Third_Party/FreeRTOS/Source/tasks.o
                0x080051a8                xTaskResumeAll
 .text.xTaskGetTickCount
                0x080052e4       0x1c ./Middlewares/Third_Party/FreeRTOS/Source/tasks.o
                0x080052e4                xTaskGetTickCount
 .text.xTaskIncrementTick
                0x08005300      0x174 ./Middlewares/Third_Party/FreeRTOS/Source/tasks.o
                0x08005300                xTaskIncrementTick
 .text.vTaskSwitchContext
                0x08005474       0xc8 ./Middlewares/Third_Party/FreeRTOS/Source/tasks.o
                0x08005474                vTaskSwitchContext
 .text.vTaskPlaceOnEventList
                0x0800553c       0x4c ./Middlewares/Third_Party/FreeRTOS/Source/tasks.o
                0x0800553c                vTaskPlaceOnEventList
 .text.vTaskPlaceOnEventListRestricted
                0x08005588       0x58 ./Middlewares/Third_Party/FreeRTOS/Source/tasks.o
                0x08005588                vTaskPlaceOnEventListRestricted
 .text.xTaskRemoveFromEventList
                0x080055e0       0xc8 ./Middlewares/Third_Party/FreeRTOS/Source/tasks.o
                0x080055e0                xTaskRemoveFromEventList
 .text.vTaskInternalSetTimeOutState
                0x080056a8       0x2c ./Middlewares/Third_Party/FreeRTOS/Source/tasks.o
                0x080056a8                vTaskInternalSetTimeOutState
 .text.xTaskCheckForTimeOut
                0x080056d4       0xc8 ./Middlewares/Third_Party/FreeRTOS/Source/tasks.o
                0x080056d4                xTaskCheckForTimeOut
 .text.vTaskMissedYield
                0x0800579c       0x18 ./Middlewares/Third_Party/FreeRTOS/Source/tasks.o
                0x0800579c                vTaskMissedYield
 .text.prvIdleTask
                0x080057b4       0x30 ./Middlewares/Third_Party/FreeRTOS/Source/tasks.o
 .text.prvInitialiseTaskLists
                0x080057e4       0x80 ./Middlewares/Third_Party/FreeRTOS/Source/tasks.o
 .text.prvCheckTasksWaitingTermination
                0x08005864       0x5c ./Middlewares/Third_Party/FreeRTOS/Source/tasks.o
 .text.prvDeleteTCB
                0x080058c0       0x6a ./Middlewares/Third_Party/FreeRTOS/Source/tasks.o
 *fill*         0x0800592a        0x2 
 .text.prvResetNextTaskUnblockTime
                0x0800592c       0x40 ./Middlewares/Third_Party/FreeRTOS/Source/tasks.o
 .text.xTaskGetSchedulerState
                0x0800596c       0x3c ./Middlewares/Third_Party/FreeRTOS/Source/tasks.o
                0x0800596c                xTaskGetSchedulerState
 .text.xTaskPriorityInherit
                0x080059a8       0xd0 ./Middlewares/Third_Party/FreeRTOS/Source/tasks.o
                0x080059a8                xTaskPriorityInherit
 .text.xTaskPriorityDisinherit
                0x08005a78       0xe0 ./Middlewares/Third_Party/FreeRTOS/Source/tasks.o
                0x08005a78                xTaskPriorityDisinherit
 .text.vTaskPriorityDisinheritAfterTimeout
                0x08005b58      0x108 ./Middlewares/Third_Party/FreeRTOS/Source/tasks.o
                0x08005b58                vTaskPriorityDisinheritAfterTimeout
 .text.pvTaskIncrementMutexHeldCount
                0x08005c60       0x28 ./Middlewares/Third_Party/FreeRTOS/Source/tasks.o
                0x08005c60                pvTaskIncrementMutexHeldCount
 .text.prvAddCurrentTaskToDelayedList
                0x08005c88       0xa8 ./Middlewares/Third_Party/FreeRTOS/Source/tasks.o
 .text.xTimerCreateTimerTask
                0x08005d30       0x94 ./Middlewares/Third_Party/FreeRTOS/Source/timers.o
                0x08005d30                xTimerCreateTimerTask
 .text.xTimerGenericCommand
                0x08005dc4       0x9c ./Middlewares/Third_Party/FreeRTOS/Source/timers.o
                0x08005dc4                xTimerGenericCommand
 .text.prvProcessExpiredTimer
                0x08005e60       0x9c ./Middlewares/Third_Party/FreeRTOS/Source/timers.o
 .text.prvTimerTask
                0x08005efc       0x26 ./Middlewares/Third_Party/FreeRTOS/Source/timers.o
 *fill*         0x08005f22        0x2 
 .text.prvProcessTimerOrBlockTask
                0x08005f24       0x9c ./Middlewares/Third_Party/FreeRTOS/Source/timers.o
 .text.prvGetNextExpireTime
                0x08005fc0       0x44 ./Middlewares/Third_Party/FreeRTOS/Source/timers.o
 .text.prvSampleTimeNow
                0x08006004       0x40 ./Middlewares/Third_Party/FreeRTOS/Source/timers.o
 .text.prvInsertTimerInActiveList
                0x08006044       0x84 ./Middlewares/Third_Party/FreeRTOS/Source/timers.o
 .text.prvProcessReceivedCommands
                0x080060c8      0x1cc ./Middlewares/Third_Party/FreeRTOS/Source/timers.o
 .text.prvSwitchTimerLists
                0x08006294       0xcc ./Middlewares/Third_Party/FreeRTOS/Source/timers.o
 .text.prvCheckForValidListAndQueue
                0x08006360       0x80 ./Middlewares/Third_Party/FreeRTOS/Source/timers.o
 .text.pxPortInitialiseStack
                0x080063e0       0x58 ./Middlewares/Third_Party/FreeRTOS/Source/portable/GCC/ARM_CM3/port.o
                0x080063e0                pxPortInitialiseStack
 .text.prvTaskExitError
                0x08006438       0x58 ./Middlewares/Third_Party/FreeRTOS/Source/portable/GCC/ARM_CM3/port.o
 .text.SVC_Handler
                0x08006490       0x28 ./Middlewares/Third_Party/FreeRTOS/Source/portable/GCC/ARM_CM3/port.o
                0x08006490                SVC_Handler
 .text.prvPortStartFirstTask
                0x080064b8       0x20 ./Middlewares/Third_Party/FreeRTOS/Source/portable/GCC/ARM_CM3/port.o
 .text.xPortStartScheduler
                0x080064d8       0xe4 ./Middlewares/Third_Party/FreeRTOS/Source/portable/GCC/ARM_CM3/port.o
                0x080064d8                xPortStartScheduler
 .text.vPortEnterCritical
                0x080065bc       0x60 ./Middlewares/Third_Party/FreeRTOS/Source/portable/GCC/ARM_CM3/port.o
                0x080065bc                vPortEnterCritical
 .text.vPortExitCritical
                0x0800661c       0x54 ./Middlewares/Third_Party/FreeRTOS/Source/portable/GCC/ARM_CM3/port.o
                0x0800661c                vPortExitCritical
 .text.PendSV_Handler
                0x08006670       0x48 ./Middlewares/Third_Party/FreeRTOS/Source/portable/GCC/ARM_CM3/port.o
                0x08006670                PendSV_Handler
 .text.xPortSysTickHandler
                0x080066b8       0x44 ./Middlewares/Third_Party/FreeRTOS/Source/portable/GCC/ARM_CM3/port.o
                0x080066b8                xPortSysTickHandler
 .text.vPortSetupTimerInterrupt
                0x080066fc       0x44 ./Middlewares/Third_Party/FreeRTOS/Source/portable/GCC/ARM_CM3/port.o
                0x080066fc                vPortSetupTimerInterrupt
 .text.vPortValidateInterruptPriority
                0x08006740       0x80 ./Middlewares/Third_Party/FreeRTOS/Source/portable/GCC/ARM_CM3/port.o
                0x08006740                vPortValidateInterruptPriority
 .text.pvPortMalloc
                0x080067c0      0x19c ./Middlewares/Third_Party/FreeRTOS/Source/portable/MemMang/heap_4.o
                0x080067c0                pvPortMalloc
 .text.vPortFree
                0x0800695c       0xc8 ./Middlewares/Third_Party/FreeRTOS/Source/portable/MemMang/heap_4.o
                0x0800695c                vPortFree
 .text.prvHeapInit
                0x08006a24       0xc4 ./Middlewares/Third_Party/FreeRTOS/Source/portable/MemMang/heap_4.o
 .text.prvInsertBlockIntoFreeList
                0x08006ae8       0xb0 ./Middlewares/Third_Party/FreeRTOS/Source/portable/MemMang/heap_4.o
 .text.CRC16    0x08006b98       0x92 ./swisslog/Task/Src/Calculate_Crc16.o
                0x08006b98                CRC16
 *fill*         0x08006c2a        0x2 
 .text.safe_printf_long
                0x08006c2c       0xb8 ./swisslog/Task/Src/LogDebugInfo.o
                0x08006c2c                safe_printf_long
 .text.vPrint_Array
                0x08006ce4       0xfc ./swisslog/Task/Src/LogDebugInfo.o
                0x08006ce4                vPrint_Array
 .text.Flash_Write_Data
                0x08006de0       0x66 ./swisslog/Task/Src/Task_Flash.o
                0x08006de0                Flash_Write_Data
 .text.Flash_Read_Data
                0x08006e46       0x16 ./swisslog/Task/Src/Task_Flash.o
                0x08006e46                Flash_Read_Data
 .text.SlaveAddr_SaveToFlash
                0x08006e5c       0x2c ./swisslog/Task/Src/Task_Flash.o
                0x08006e5c                SlaveAddr_SaveToFlash
 .text.SlaveAddr_ReadFromFlash
                0x08006e88       0x64 ./swisslog/Task/Src/Task_Flash.o
                0x08006e88                SlaveAddr_ReadFromFlash
 .text.vInitTask
                0x08006eec       0x38 ./swisslog/Task/Src/Task_Init.o
                0x08006eec                vInitTask
 .text.num_display
                0x08006f24       0xe8 ./swisslog/Task/Src/Task_LED_Segment.o
                0x08006f24                num_display
 .text.LED_Segment_Init
                0x0800700c       0x36 ./swisslog/Task/Src/Task_LED_Segment.o
                0x0800700c                LED_Segment_Init
 *fill*         0x08007042        0x2 
 .text.LED_Segment_DeInit
                0x08007044       0x2c ./swisslog/Task/Src/Task_LED_Segment.o
                0x08007044                LED_Segment_DeInit
 .text.LED_Segment_ON
                0x08007070       0x44 ./swisslog/Task/Src/Task_LED_Segment.o
                0x08007070                LED_Segment_ON
 .text.xSegment_Blink
                0x080070b4      0x1e8 ./swisslog/Task/Src/Task_LED_Segment.o
                0x080070b4                xSegment_Blink
 .text.Check_Rx_Data_Valid
                0x0800729c       0xec ./swisslog/Task/Src/Task_Parse.o
                0x0800729c                Check_Rx_Data_Valid
 .text.xPackage_Parse
                0x08007388      0x190 ./swisslog/Task/Src/Task_Parse.o
                0x08007388                xPackage_Parse
 .text.xChangeSlaveAddr
                0x08007518       0x80 ./swisslog/Task/Src/Task_Slave_Addr.o
                0x08007518                xChangeSlaveAddr
 .text.RS485_Start_DMA_Receive
                0x08007598       0x90 ./swisslog/Task/Src/Task_rs485.o
                0x08007598                RS485_Start_DMA_Receive
 .text.RS485_Init
                0x08007628       0x14 ./swisslog/Task/Src/Task_rs485.o
                0x08007628                RS485_Init
 .text.snprintf
                0x0800763c       0x6c C:/STM32/STM32CubeIDE_1.19.0/STM32CubeIDE/plugins/com.st.stm32cube.ide.mcu.externaltools.gnu-tools-for-stm32.13.3.rel1.win32_1.0.0.202411081344/tools/bin/../lib/gcc/arm-none-eabi/13.3.1/../../../../arm-none-eabi/lib/thumb/v7-m/nofp\libc_nano.a(libc_a-snprintf.o)
                0x0800763c                sniprintf
                0x0800763c                snprintf
 .text._vsnprintf_r
                0x080076a8       0x5c C:/STM32/STM32CubeIDE_1.19.0/STM32CubeIDE/plugins/com.st.stm32cube.ide.mcu.externaltools.gnu-tools-for-stm32.13.3.rel1.win32_1.0.0.202411081344/tools/bin/../lib/gcc/arm-none-eabi/13.3.1/../../../../arm-none-eabi/lib/thumb/v7-m/nofp\libc_nano.a(libc_a-vsnprintf.o)
                0x080076a8                _vsniprintf_r
                0x080076a8                _vsnprintf_r
 .text.vsnprintf
                0x08007704       0x1c C:/STM32/STM32CubeIDE_1.19.0/STM32CubeIDE/plugins/com.st.stm32cube.ide.mcu.externaltools.gnu-tools-for-stm32.13.3.rel1.win32_1.0.0.202411081344/tools/bin/../lib/gcc/arm-none-eabi/13.3.1/../../../../arm-none-eabi/lib/thumb/v7-m/nofp\libc_nano.a(libc_a-vsnprintf.o)
                0x08007704                vsniprintf
                0x08007704                vsnprintf
 .text.memset   0x08007720       0x10 C:/STM32/STM32CubeIDE_1.19.0/STM32CubeIDE/plugins/com.st.stm32cube.ide.mcu.externaltools.gnu-tools-for-stm32.13.3.rel1.win32_1.0.0.202411081344/tools/bin/../lib/gcc/arm-none-eabi/13.3.1/../../../../arm-none-eabi/lib/thumb/v7-m/nofp\libc_nano.a(libc_a-memset.o)
                0x08007720                memset
 .text._reclaim_reent
                0x08007730       0xbc C:/STM32/STM32CubeIDE_1.19.0/STM32CubeIDE/plugins/com.st.stm32cube.ide.mcu.externaltools.gnu-tools-for-stm32.13.3.rel1.win32_1.0.0.202411081344/tools/bin/../lib/gcc/arm-none-eabi/13.3.1/../../../../arm-none-eabi/lib/thumb/v7-m/nofp\libc_nano.a(libc_a-reent.o)
                0x08007730                _reclaim_reent
 .text.__errno  0x080077ec        0xc C:/STM32/STM32CubeIDE_1.19.0/STM32CubeIDE/plugins/com.st.stm32cube.ide.mcu.externaltools.gnu-tools-for-stm32.13.3.rel1.win32_1.0.0.202411081344/tools/bin/../lib/gcc/arm-none-eabi/13.3.1/../../../../arm-none-eabi/lib/thumb/v7-m/nofp\libc_nano.a(libc_a-errno.o)
                0x080077ec                __errno
 .text.__libc_init_array
                0x080077f8       0x48 C:/STM32/STM32CubeIDE_1.19.0/STM32CubeIDE/plugins/com.st.stm32cube.ide.mcu.externaltools.gnu-tools-for-stm32.13.3.rel1.win32_1.0.0.202411081344/tools/bin/../lib/gcc/arm-none-eabi/13.3.1/../../../../arm-none-eabi/lib/thumb/v7-m/nofp\libc_nano.a(libc_a-init.o)
                0x080077f8                __libc_init_array
 .text.__retarget_lock_acquire_recursive
                0x08007840        0x2 C:/STM32/STM32CubeIDE_1.19.0/STM32CubeIDE/plugins/com.st.stm32cube.ide.mcu.externaltools.gnu-tools-for-stm32.13.3.rel1.win32_1.0.0.202411081344/tools/bin/../lib/gcc/arm-none-eabi/13.3.1/../../../../arm-none-eabi/lib/thumb/v7-m/nofp\libc_nano.a(libc_a-lock.o)
                0x08007840                __retarget_lock_acquire_recursive
 .text.__retarget_lock_release_recursive
                0x08007842        0x2 C:/STM32/STM32CubeIDE_1.19.0/STM32CubeIDE/plugins/com.st.stm32cube.ide.mcu.externaltools.gnu-tools-for-stm32.13.3.rel1.win32_1.0.0.202411081344/tools/bin/../lib/gcc/arm-none-eabi/13.3.1/../../../../arm-none-eabi/lib/thumb/v7-m/nofp\libc_nano.a(libc_a-lock.o)
                0x08007842                __retarget_lock_release_recursive
 .text.memcpy   0x08007844       0x1c C:/STM32/STM32CubeIDE_1.19.0/STM32CubeIDE/plugins/com.st.stm32cube.ide.mcu.externaltools.gnu-tools-for-stm32.13.3.rel1.win32_1.0.0.202411081344/tools/bin/../lib/gcc/arm-none-eabi/13.3.1/../../../../arm-none-eabi/lib/thumb/v7-m/nofp\libc_nano.a(libc_a-memcpy-stub.o)
                0x08007844                memcpy
 .text._free_r  0x08007860       0x90 C:/STM32/STM32CubeIDE_1.19.0/STM32CubeIDE/plugins/com.st.stm32cube.ide.mcu.externaltools.gnu-tools-for-stm32.13.3.rel1.win32_1.0.0.202411081344/tools/bin/../lib/gcc/arm-none-eabi/13.3.1/../../../../arm-none-eabi/lib/thumb/v7-m/nofp\libc_nano.a(libc_a-freer.o)
                0x08007860                _free_r
 .text.sbrk_aligned
                0x080078f0       0x44 C:/STM32/STM32CubeIDE_1.19.0/STM32CubeIDE/plugins/com.st.stm32cube.ide.mcu.externaltools.gnu-tools-for-stm32.13.3.rel1.win32_1.0.0.202411081344/tools/bin/../lib/gcc/arm-none-eabi/13.3.1/../../../../arm-none-eabi/lib/thumb/v7-m/nofp\libc_nano.a(libc_a-mallocr.o)
 .text._malloc_r
                0x08007934      0x100 C:/STM32/STM32CubeIDE_1.19.0/STM32CubeIDE/plugins/com.st.stm32cube.ide.mcu.externaltools.gnu-tools-for-stm32.13.3.rel1.win32_1.0.0.202411081344/tools/bin/../lib/gcc/arm-none-eabi/13.3.1/../../../../arm-none-eabi/lib/thumb/v7-m/nofp\libc_nano.a(libc_a-mallocr.o)
                0x08007934                _malloc_r
 .text.__malloc_lock
                0x08007a34        0xc C:/STM32/STM32CubeIDE_1.19.0/STM32CubeIDE/plugins/com.st.stm32cube.ide.mcu.externaltools.gnu-tools-for-stm32.13.3.rel1.win32_1.0.0.202411081344/tools/bin/../lib/gcc/arm-none-eabi/13.3.1/../../../../arm-none-eabi/lib/thumb/v7-m/nofp\libc_nano.a(libc_a-mlock.o)
                0x08007a34                __malloc_lock
 .text.__malloc_unlock
                0x08007a40        0xc C:/STM32/STM32CubeIDE_1.19.0/STM32CubeIDE/plugins/com.st.stm32cube.ide.mcu.externaltools.gnu-tools-for-stm32.13.3.rel1.win32_1.0.0.202411081344/tools/bin/../lib/gcc/arm-none-eabi/13.3.1/../../../../arm-none-eabi/lib/thumb/v7-m/nofp\libc_nano.a(libc_a-mlock.o)
                0x08007a40                __malloc_unlock
 .text.__ssputs_r
                0x08007a4c       0xb6 C:/STM32/STM32CubeIDE_1.19.0/STM32CubeIDE/plugins/com.st.stm32cube.ide.mcu.externaltools.gnu-tools-for-stm32.13.3.rel1.win32_1.0.0.202411081344/tools/bin/../lib/gcc/arm-none-eabi/13.3.1/../../../../arm-none-eabi/lib/thumb/v7-m/nofp\libc_nano.a(libc_a-nano-svfprintf.o)
                0x08007a4c                __ssputs_r
 *fill*         0x08007b02        0x2 
 .text._svfprintf_r
                0x08007b04      0x1f8 C:/STM32/STM32CubeIDE_1.19.0/STM32CubeIDE/plugins/com.st.stm32cube.ide.mcu.externaltools.gnu-tools-for-stm32.13.3.rel1.win32_1.0.0.202411081344/tools/bin/../lib/gcc/arm-none-eabi/13.3.1/../../../../arm-none-eabi/lib/thumb/v7-m/nofp\libc_nano.a(libc_a-nano-svfprintf.o)
                0x08007b04                _svfiprintf_r
                0x08007b04                _svfprintf_r
 .text._printf_common
                0x08007cfc       0xe4 C:/STM32/STM32CubeIDE_1.19.0/STM32CubeIDE/plugins/com.st.stm32cube.ide.mcu.externaltools.gnu-tools-for-stm32.13.3.rel1.win32_1.0.0.202411081344/tools/bin/../lib/gcc/arm-none-eabi/13.3.1/../../../../arm-none-eabi/lib/thumb/v7-m/nofp\libc_nano.a(libc_a-nano-vfprintf_i.o)
                0x08007cfc                _printf_common
 .text._printf_i
                0x08007de0      0x23c C:/STM32/STM32CubeIDE_1.19.0/STM32CubeIDE/plugins/com.st.stm32cube.ide.mcu.externaltools.gnu-tools-for-stm32.13.3.rel1.win32_1.0.0.202411081344/tools/bin/../lib/gcc/arm-none-eabi/13.3.1/../../../../arm-none-eabi/lib/thumb/v7-m/nofp\libc_nano.a(libc_a-nano-vfprintf_i.o)
                0x08007de0                _printf_i
 .text.memmove  0x0800801c       0x34 C:/STM32/STM32CubeIDE_1.19.0/STM32CubeIDE/plugins/com.st.stm32cube.ide.mcu.externaltools.gnu-tools-for-stm32.13.3.rel1.win32_1.0.0.202411081344/tools/bin/../lib/gcc/arm-none-eabi/13.3.1/../../../../arm-none-eabi/lib/thumb/v7-m/nofp\libc_nano.a(libc_a-memmove.o)
                0x0800801c                memmove
 .text._sbrk_r  0x08008050       0x20 C:/STM32/STM32CubeIDE_1.19.0/STM32CubeIDE/plugins/com.st.stm32cube.ide.mcu.externaltools.gnu-tools-for-stm32.13.3.rel1.win32_1.0.0.202411081344/tools/bin/../lib/gcc/arm-none-eabi/13.3.1/../../../../arm-none-eabi/lib/thumb/v7-m/nofp\libc_nano.a(libc_a-sbrkr.o)
                0x08008050                _sbrk_r
 .text.memchr   0x08008070       0x1c C:/STM32/STM32CubeIDE_1.19.0/STM32CubeIDE/plugins/com.st.stm32cube.ide.mcu.externaltools.gnu-tools-for-stm32.13.3.rel1.win32_1.0.0.202411081344/tools/bin/../lib/gcc/arm-none-eabi/13.3.1/../../../../arm-none-eabi/lib/thumb/v7-m/nofp\libc_nano.a(libc_a-memchr-stub.o)
                0x08008070                memchr
 .text._realloc_r
                0x0800808c       0x5c C:/STM32/STM32CubeIDE_1.19.0/STM32CubeIDE/plugins/com.st.stm32cube.ide.mcu.externaltools.gnu-tools-for-stm32.13.3.rel1.win32_1.0.0.202411081344/tools/bin/../lib/gcc/arm-none-eabi/13.3.1/../../../../arm-none-eabi/lib/thumb/v7-m/nofp\libc_nano.a(libc_a-reallocr.o)
                0x0800808c                _realloc_r
 .text._malloc_usable_size_r
                0x080080e8       0x10 C:/STM32/STM32CubeIDE_1.19.0/STM32CubeIDE/plugins/com.st.stm32cube.ide.mcu.externaltools.gnu-tools-for-stm32.13.3.rel1.win32_1.0.0.202411081344/tools/bin/../lib/gcc/arm-none-eabi/13.3.1/../../../../arm-none-eabi/lib/thumb/v7-m/nofp\libc_nano.a(libc_a-msizer.o)
                0x080080e8                _malloc_usable_size_r
 *(.glue_7)
 .glue_7        0x080080f8        0x0 linker stubs
 *(.glue_7t)
 .glue_7t       0x080080f8        0x0 linker stubs
 *(.eh_frame)
 .eh_frame      0x080080f8        0x0 C:/STM32/STM32CubeIDE_1.19.0/STM32CubeIDE/plugins/com.st.stm32cube.ide.mcu.externaltools.gnu-tools-for-stm32.13.3.rel1.win32_1.0.0.202411081344/tools/bin/../lib/gcc/arm-none-eabi/13.3.1/thumb/v7-m/nofp/crtbegin.o
 *(.init)
 .init          0x080080f8        0x4 C:/STM32/STM32CubeIDE_1.19.0/STM32CubeIDE/plugins/com.st.stm32cube.ide.mcu.externaltools.gnu-tools-for-stm32.13.3.rel1.win32_1.0.0.202411081344/tools/bin/../lib/gcc/arm-none-eabi/13.3.1/thumb/v7-m/nofp/crti.o
                0x080080f8                _init
 .init          0x080080fc        0x8 C:/STM32/STM32CubeIDE_1.19.0/STM32CubeIDE/plugins/com.st.stm32cube.ide.mcu.externaltools.gnu-tools-for-stm32.13.3.rel1.win32_1.0.0.202411081344/tools/bin/../lib/gcc/arm-none-eabi/13.3.1/thumb/v7-m/nofp/crtn.o
 *(.fini)
 .fini          0x08008104        0x4 C:/STM32/STM32CubeIDE_1.19.0/STM32CubeIDE/plugins/com.st.stm32cube.ide.mcu.externaltools.gnu-tools-for-stm32.13.3.rel1.win32_1.0.0.202411081344/tools/bin/../lib/gcc/arm-none-eabi/13.3.1/thumb/v7-m/nofp/crti.o
                0x08008104                _fini
 .fini          0x08008108        0x8 C:/STM32/STM32CubeIDE_1.19.0/STM32CubeIDE/plugins/com.st.stm32cube.ide.mcu.externaltools.gnu-tools-for-stm32.13.3.rel1.win32_1.0.0.202411081344/tools/bin/../lib/gcc/arm-none-eabi/13.3.1/thumb/v7-m/nofp/crtn.o
                0x08008110                        . = ALIGN (0x4)
                0x08008110                        _etext = .

.vfp11_veneer   0x08008110        0x0
 .vfp11_veneer  0x08008110        0x0 linker stubs

.v4_bx          0x08008110        0x0
 .v4_bx         0x08008110        0x0 linker stubs

.iplt           0x08008110        0x0
 .iplt          0x08008110        0x0 C:/STM32/STM32CubeIDE_1.19.0/STM32CubeIDE/plugins/com.st.stm32cube.ide.mcu.externaltools.gnu-tools-for-stm32.13.3.rel1.win32_1.0.0.202411081344/tools/bin/../lib/gcc/arm-none-eabi/13.3.1/thumb/v7-m/nofp/crtbegin.o

.rodata         0x08008110      0x420
                0x08008110                        . = ALIGN (0x4)
 *(.rodata)
 .rodata        0x08008110       0x78 ./Core/Src/freertos.o
 .rodata        0x08008188        0xc ./Core/Src/main.o
 .rodata        0x08008194        0x5 ./Middlewares/Third_Party/FreeRTOS/Source/tasks.o
 *fill*         0x08008199        0x3 
 .rodata        0x0800819c        0xd ./Middlewares/Third_Party/FreeRTOS/Source/timers.o
 *fill*         0x080081a9        0x3 
 .rodata        0x080081ac       0x15 ./swisslog/Task/Src/LogDebugInfo.o
 *fill*         0x080081c1        0x3 
 .rodata        0x080081c4       0x19 ./swisslog/Task/Src/Task_Flash.o
 *fill*         0x080081dd        0x3 
 .rodata        0x080081e0       0x38 ./swisslog/Task/Src/Task_Init.o
 .rodata        0x08008218       0xa5 ./swisslog/Task/Src/Task_Parse.o
 *fill*         0x080082bd        0x3 
 .rodata        0x080082c0       0x6a ./swisslog/Task/Src/Task_Slave_Addr.o
 *fill*         0x0800832a        0x2 
 .rodata        0x0800832c       0x32 ./swisslog/Task/Src/Task_rs485.o
 *(.rodata*)
 *fill*         0x0800835e        0x2 
 .rodata.defaultTask_attributes
                0x08008360       0x24 ./Core/Src/freertos.o
                0x08008360                defaultTask_attributes
 .rodata.InitTask_attributes
                0x08008384       0x24 ./Core/Src/freertos.o
                0x08008384                InitTask_attributes
 .rodata.Package_Parse_attributes
                0x080083a8       0x24 ./Core/Src/freertos.o
                0x080083a8                Package_Parse_attributes
 .rodata.Segment_Blink_attributes
                0x080083cc       0x24 ./Core/Src/freertos.o
                0x080083cc                Segment_Blink_attributes
 .rodata.ChangeSlaveAddr_attributes
                0x080083f0       0x24 ./Core/Src/freertos.o
                0x080083f0                ChangeSlaveAddr_attributes
 .rodata.xRS485RxSem_attributes
                0x08008414       0x10 ./Core/Src/freertos.o
                0x08008414                xRS485RxSem_attributes
 .rodata.xSegBlinkSem_attributes
                0x08008424       0x10 ./Core/Src/freertos.o
                0x08008424                xSegBlinkSem_attributes
 .rodata.xChangeSlaveAddrSem_attributes
                0x08008434       0x10 ./Core/Src/freertos.o
                0x08008434                xChangeSlaveAddrSem_attributes
 .rodata.AHBPrescTable
                0x08008444       0x10 ./Core/Src/system_stm32f1xx.o
                0x08008444                AHBPrescTable
 .rodata.APBPrescTable
                0x08008454        0x8 ./Core/Src/system_stm32f1xx.o
                0x08008454                APBPrescTable
 .rodata.aPLLMULFactorTable.1
                0x0800845c       0x10 ./Drivers/STM32F1xx_HAL_Driver/Src/stm32f1xx_hal_rcc.o
 .rodata.aPredivFactorTable.0
                0x0800846c        0x2 ./Drivers/STM32F1xx_HAL_Driver/Src/stm32f1xx_hal_rcc.o
 *fill*         0x0800846e        0x2 
 .rodata.__func__.0
                0x08008470       0x18 ./swisslog/Task/Src/Task_Flash.o
 .rodata.__func__.0
                0x08008488        0xa ./swisslog/Task/Src/Task_Init.o
 *fill*         0x08008492        0x2 
 .rodata.SEGMENT_COM_CATHODE
                0x08008494       0x15 ./swisslog/Task/Src/Task_LED_Segment.o
                0x08008494                SEGMENT_COM_CATHODE
 *fill*         0x080084a9        0x3 
 .rodata.__func__.1
                0x080084ac       0x14 ./swisslog/Task/Src/Task_Parse.o
 .rodata.__func__.0
                0x080084c0        0xf ./swisslog/Task/Src/Task_Parse.o
 *fill*         0x080084cf        0x1 
 .rodata.__func__.0
                0x080084d0       0x11 ./swisslog/Task/Src/Task_Slave_Addr.o
 *fill*         0x080084e1        0x3 
 .rodata.__func__.0
                0x080084e4       0x18 ./swisslog/Task/Src/Task_rs485.o
 .rodata._svfprintf_r.str1.1
                0x080084fc       0x33 C:/STM32/STM32CubeIDE_1.19.0/STM32CubeIDE/plugins/com.st.stm32cube.ide.mcu.externaltools.gnu-tools-for-stm32.13.3.rel1.win32_1.0.0.202411081344/tools/bin/../lib/gcc/arm-none-eabi/13.3.1/../../../../arm-none-eabi/lib/thumb/v7-m/nofp\libc_nano.a(libc_a-nano-svfprintf.o)
                                 0x11 (size before relaxing)
 .rodata._printf_i.str1.1
                0x0800852f       0x22 C:/STM32/STM32CubeIDE_1.19.0/STM32CubeIDE/plugins/com.st.stm32cube.ide.mcu.externaltools.gnu-tools-for-stm32.13.3.rel1.win32_1.0.0.202411081344/tools/bin/../lib/gcc/arm-none-eabi/13.3.1/../../../../arm-none-eabi/lib/thumb/v7-m/nofp\libc_nano.a(libc_a-nano-vfprintf_i.o)
                0x08008554                        . = ALIGN (0x4)
 *fill*         0x0800852f        0x1 

.ARM.extab      0x08008530        0x0
                0x08008530                        . = ALIGN (0x4)
 *(.ARM.extab* .gnu.linkonce.armextab.*)
                0x08008530                        . = ALIGN (0x4)

.ARM            0x08008530        0x0
                0x08008530                        . = ALIGN (0x4)
                0x08008530                        __exidx_start = .
 *(.ARM.exidx*)
                0x08008530                        __exidx_end = .
                0x08008530                        . = ALIGN (0x4)

.preinit_array  0x08008530        0x0
                0x08008530                        . = ALIGN (0x4)
                0x08008530                        PROVIDE (__preinit_array_start = .)
 *(.preinit_array*)
                0x08008530                        PROVIDE (__preinit_array_end = .)
                0x08008530                        . = ALIGN (0x4)

.init_array     0x08008530        0x4
                0x08008530                        . = ALIGN (0x4)
                0x08008530                        PROVIDE (__init_array_start = .)
 *(SORT_BY_NAME(.init_array.*))
 *(.init_array*)
 .init_array    0x08008530        0x4 C:/STM32/STM32CubeIDE_1.19.0/STM32CubeIDE/plugins/com.st.stm32cube.ide.mcu.externaltools.gnu-tools-for-stm32.13.3.rel1.win32_1.0.0.202411081344/tools/bin/../lib/gcc/arm-none-eabi/13.3.1/thumb/v7-m/nofp/crtbegin.o
                0x08008534                        PROVIDE (__init_array_end = .)
                0x08008534                        . = ALIGN (0x4)

.fini_array     0x08008534        0x4
                0x08008534                        . = ALIGN (0x4)
                [!provide]                        PROVIDE (__fini_array_start = .)
 *(SORT_BY_NAME(.fini_array.*))
 *(.fini_array*)
 .fini_array    0x08008534        0x4 C:/STM32/STM32CubeIDE_1.19.0/STM32CubeIDE/plugins/com.st.stm32cube.ide.mcu.externaltools.gnu-tools-for-stm32.13.3.rel1.win32_1.0.0.202411081344/tools/bin/../lib/gcc/arm-none-eabi/13.3.1/thumb/v7-m/nofp/crtbegin.o
                [!provide]                        PROVIDE (__fini_array_end = .)
                0x08008538                        . = ALIGN (0x4)
                0x08008538                        _sidata = LOADADDR (.data)

.rel.dyn        0x08008538        0x0
 .rel.iplt      0x08008538        0x0 C:/STM32/STM32CubeIDE_1.19.0/STM32CubeIDE/plugins/com.st.stm32cube.ide.mcu.externaltools.gnu-tools-for-stm32.13.3.rel1.win32_1.0.0.202411081344/tools/bin/../lib/gcc/arm-none-eabi/13.3.1/thumb/v7-m/nofp/crtbegin.o

.data           0x20000000      0x124 load address 0x08008538
                0x20000000                        . = ALIGN (0x4)
                0x20000000                        _sdata = .
 *(.data)
 *(.data*)
 .data.SystemCoreClock
                0x20000000        0x4 ./Core/Src/system_stm32f1xx.o
                0x20000000                SystemCoreClock
 .data.uwTickPrio
                0x20000004        0x4 ./Drivers/STM32F1xx_HAL_Driver/Src/stm32f1xx_hal.o
                0x20000004                uwTickPrio
 .data.uwTickFreq
                0x20000008        0x1 ./Drivers/STM32F1xx_HAL_Driver/Src/stm32f1xx_hal.o
                0x20000008                uwTickFreq
 *fill*         0x20000009        0x3 
 .data.uxCriticalNesting
                0x2000000c        0x4 ./Middlewares/Third_Party/FreeRTOS/Source/portable/GCC/ARM_CM3/port.o
 .data.blink_interval_cnt
                0x20000010        0x1 ./swisslog/Task/Src/Task_LED_Segment.o
                0x20000010                blink_interval_cnt
 .data.blink_cnt
                0x20000011        0x1 ./swisslog/Task/Src/Task_LED_Segment.o
                0x20000011                blink_cnt
 *fill*         0x20000012        0x2 
 .data.Digit1_Pins
                0x20000014       0x40 ./swisslog/Task/Src/Task_LED_Segment.o
                0x20000014                Digit1_Pins
 .data.Digit2_Pins
                0x20000054       0x40 ./swisslog/Task/Src/Task_LED_Segment.o
                0x20000054                Digit2_Pins
 .data.Digit3_Pins
                0x20000094       0x40 ./swisslog/Task/Src/Task_LED_Segment.o
                0x20000094                Digit3_Pins
 .data._impure_ptr
                0x200000d4        0x4 C:/STM32/STM32CubeIDE_1.19.0/STM32CubeIDE/plugins/com.st.stm32cube.ide.mcu.externaltools.gnu-tools-for-stm32.13.3.rel1.win32_1.0.0.202411081344/tools/bin/../lib/gcc/arm-none-eabi/13.3.1/../../../../arm-none-eabi/lib/thumb/v7-m/nofp\libc_nano.a(libc_a-impure.o)
                0x200000d4                _impure_ptr
 .data._impure_data
                0x200000d8       0x4c C:/STM32/STM32CubeIDE_1.19.0/STM32CubeIDE/plugins/com.st.stm32cube.ide.mcu.externaltools.gnu-tools-for-stm32.13.3.rel1.win32_1.0.0.202411081344/tools/bin/../lib/gcc/arm-none-eabi/13.3.1/../../../../arm-none-eabi/lib/thumb/v7-m/nofp\libc_nano.a(libc_a-impure.o)
                0x200000d8                _impure_data
 *(.RamFunc)
 *(.RamFunc*)
                0x20000124                        . = ALIGN (0x4)
                0x20000124                        _edata = .

.igot.plt       0x20000124        0x0 load address 0x0800865c
 .igot.plt      0x20000124        0x0 C:/STM32/STM32CubeIDE_1.19.0/STM32CubeIDE/plugins/com.st.stm32cube.ide.mcu.externaltools.gnu-tools-for-stm32.13.3.rel1.win32_1.0.0.202411081344/tools/bin/../lib/gcc/arm-none-eabi/13.3.1/thumb/v7-m/nofp/crtbegin.o
                0x20000124                        . = ALIGN (0x4)

.bss            0x20000128     0x46dc load address 0x0800865c
                0x20000128                        _sbss = .
                0x20000128                        __bss_start__ = _sbss
 *(.bss)
 .bss           0x20000128       0x1c C:/STM32/STM32CubeIDE_1.19.0/STM32CubeIDE/plugins/com.st.stm32cube.ide.mcu.externaltools.gnu-tools-for-stm32.13.3.rel1.win32_1.0.0.202411081344/tools/bin/../lib/gcc/arm-none-eabi/13.3.1/thumb/v7-m/nofp/crtbegin.o
 *(.bss*)
 .bss.defaultTaskHandle
                0x20000144        0x4 ./Core/Src/freertos.o
                0x20000144                defaultTaskHandle
 .bss.InitTaskHandle
                0x20000148        0x4 ./Core/Src/freertos.o
                0x20000148                InitTaskHandle
 .bss.Package_ParseHandle
                0x2000014c        0x4 ./Core/Src/freertos.o
                0x2000014c                Package_ParseHandle
 .bss.Segment_BlinkHandle
                0x20000150        0x4 ./Core/Src/freertos.o
                0x20000150                Segment_BlinkHandle
 .bss.ChangeSlaveAddrHandle
                0x20000154        0x4 ./Core/Src/freertos.o
                0x20000154                ChangeSlaveAddrHandle
 .bss.xRS485RxSemHandle
                0x20000158        0x4 ./Core/Src/freertos.o
                0x20000158                xRS485RxSemHandle
 .bss.xSegBlinkSemHandle
                0x2000015c        0x4 ./Core/Src/freertos.o
                0x2000015c                xSegBlinkSemHandle
 .bss.xChangeSlaveAddrSemHandle
                0x20000160        0x4 ./Core/Src/freertos.o
                0x20000160                xChangeSlaveAddrSemHandle
 .bss.htim4     0x20000164       0x48 ./Core/Src/stm32f1xx_hal_timebase_tim.o
                0x20000164                htim4
 .bss.__sbrk_heap_end
                0x200001ac        0x4 ./Core/Src/sysmem.o
 .bss.huart1    0x200001b0       0x48 ./Core/Src/usart.o
                0x200001b0                huart1
 .bss.huart2    0x200001f8       0x48 ./Core/Src/usart.o
                0x200001f8                huart2
 .bss.hdma_usart1_rx
                0x20000240       0x44 ./Core/Src/usart.o
                0x20000240                hdma_usart1_rx
 .bss.uwTick    0x20000284        0x4 ./Drivers/STM32F1xx_HAL_Driver/Src/stm32f1xx_hal.o
                0x20000284                uwTick
 .bss.pFlash    0x20000288       0x20 ./Drivers/STM32F1xx_HAL_Driver/Src/stm32f1xx_hal_flash.o
                0x20000288                pFlash
 .bss.KernelState
                0x200002a8        0x4 ./Middlewares/Third_Party/FreeRTOS/Source/CMSIS_RTOS_V2/cmsis_os2.o
 .bss.Idle_TCB.3
                0x200002ac       0xa8 ./Middlewares/Third_Party/FreeRTOS/Source/CMSIS_RTOS_V2/cmsis_os2.o
 .bss.Idle_Stack.2
                0x20000354      0x100 ./Middlewares/Third_Party/FreeRTOS/Source/CMSIS_RTOS_V2/cmsis_os2.o
 .bss.Timer_TCB.1
                0x20000454       0xa8 ./Middlewares/Third_Party/FreeRTOS/Source/CMSIS_RTOS_V2/cmsis_os2.o
 .bss.Timer_Stack.0
                0x200004fc      0x200 ./Middlewares/Third_Party/FreeRTOS/Source/CMSIS_RTOS_V2/cmsis_os2.o
 .bss.xQueueRegistry
                0x200006fc       0x40 ./Middlewares/Third_Party/FreeRTOS/Source/queue.o
                0x200006fc                xQueueRegistry
 .bss.pxCurrentTCB
                0x2000073c        0x4 ./Middlewares/Third_Party/FreeRTOS/Source/tasks.o
                0x2000073c                pxCurrentTCB
 .bss.pxReadyTasksLists
                0x20000740      0x460 ./Middlewares/Third_Party/FreeRTOS/Source/tasks.o
 .bss.xDelayedTaskList1
                0x20000ba0       0x14 ./Middlewares/Third_Party/FreeRTOS/Source/tasks.o
 .bss.xDelayedTaskList2
                0x20000bb4       0x14 ./Middlewares/Third_Party/FreeRTOS/Source/tasks.o
 .bss.pxDelayedTaskList
                0x20000bc8        0x4 ./Middlewares/Third_Party/FreeRTOS/Source/tasks.o
 .bss.pxOverflowDelayedTaskList
                0x20000bcc        0x4 ./Middlewares/Third_Party/FreeRTOS/Source/tasks.o
 .bss.xPendingReadyList
                0x20000bd0       0x14 ./Middlewares/Third_Party/FreeRTOS/Source/tasks.o
 .bss.xTasksWaitingTermination
                0x20000be4       0x14 ./Middlewares/Third_Party/FreeRTOS/Source/tasks.o
 .bss.uxDeletedTasksWaitingCleanUp
                0x20000bf8        0x4 ./Middlewares/Third_Party/FreeRTOS/Source/tasks.o
 .bss.xSuspendedTaskList
                0x20000bfc       0x14 ./Middlewares/Third_Party/FreeRTOS/Source/tasks.o
 .bss.uxCurrentNumberOfTasks
                0x20000c10        0x4 ./Middlewares/Third_Party/FreeRTOS/Source/tasks.o
 .bss.xTickCount
                0x20000c14        0x4 ./Middlewares/Third_Party/FreeRTOS/Source/tasks.o
 .bss.uxTopReadyPriority
                0x20000c18        0x4 ./Middlewares/Third_Party/FreeRTOS/Source/tasks.o
 .bss.xSchedulerRunning
                0x20000c1c        0x4 ./Middlewares/Third_Party/FreeRTOS/Source/tasks.o
 .bss.xPendedTicks
                0x20000c20        0x4 ./Middlewares/Third_Party/FreeRTOS/Source/tasks.o
 .bss.xYieldPending
                0x20000c24        0x4 ./Middlewares/Third_Party/FreeRTOS/Source/tasks.o
 .bss.xNumOfOverflows
                0x20000c28        0x4 ./Middlewares/Third_Party/FreeRTOS/Source/tasks.o
 .bss.uxTaskNumber
                0x20000c2c        0x4 ./Middlewares/Third_Party/FreeRTOS/Source/tasks.o
 .bss.xNextTaskUnblockTime
                0x20000c30        0x4 ./Middlewares/Third_Party/FreeRTOS/Source/tasks.o
 .bss.xIdleTaskHandle
                0x20000c34        0x4 ./Middlewares/Third_Party/FreeRTOS/Source/tasks.o
 .bss.uxSchedulerSuspended
                0x20000c38        0x4 ./Middlewares/Third_Party/FreeRTOS/Source/tasks.o
 .bss.xActiveTimerList1
                0x20000c3c       0x14 ./Middlewares/Third_Party/FreeRTOS/Source/timers.o
 .bss.xActiveTimerList2
                0x20000c50       0x14 ./Middlewares/Third_Party/FreeRTOS/Source/timers.o
 .bss.pxCurrentTimerList
                0x20000c64        0x4 ./Middlewares/Third_Party/FreeRTOS/Source/timers.o
 .bss.pxOverflowTimerList
                0x20000c68        0x4 ./Middlewares/Third_Party/FreeRTOS/Source/timers.o
 .bss.xTimerQueue
                0x20000c6c        0x4 ./Middlewares/Third_Party/FreeRTOS/Source/timers.o
 .bss.xTimerTaskHandle
                0x20000c70        0x4 ./Middlewares/Third_Party/FreeRTOS/Source/timers.o
 .bss.xLastTime.2
                0x20000c74        0x4 ./Middlewares/Third_Party/FreeRTOS/Source/timers.o
 .bss.ucStaticTimerQueueStorage.1
                0x20000c78       0xa0 ./Middlewares/Third_Party/FreeRTOS/Source/timers.o
 .bss.xStaticTimerQueue.0
                0x20000d18       0x50 ./Middlewares/Third_Party/FreeRTOS/Source/timers.o
 .bss.ucMaxSysCallPriority
                0x20000d68        0x1 ./Middlewares/Third_Party/FreeRTOS/Source/portable/GCC/ARM_CM3/port.o
 *fill*         0x20000d69        0x3 
 .bss.ulMaxPRIGROUPValue
                0x20000d6c        0x4 ./Middlewares/Third_Party/FreeRTOS/Source/portable/GCC/ARM_CM3/port.o
 .bss.ucHeap    0x20000d70     0x1000 ./Middlewares/Third_Party/FreeRTOS/Source/portable/MemMang/heap_4.o
 .bss.xStart    0x20001d70        0x8 ./Middlewares/Third_Party/FreeRTOS/Source/portable/MemMang/heap_4.o
 .bss.pxEnd     0x20001d78        0x4 ./Middlewares/Third_Party/FreeRTOS/Source/portable/MemMang/heap_4.o
 .bss.xFreeBytesRemaining
                0x20001d7c        0x4 ./Middlewares/Third_Party/FreeRTOS/Source/portable/MemMang/heap_4.o
 .bss.xMinimumEverFreeBytesRemaining
                0x20001d80        0x4 ./Middlewares/Third_Party/FreeRTOS/Source/portable/MemMang/heap_4.o
 .bss.xNumberOfSuccessfulAllocations
                0x20001d84        0x4 ./Middlewares/Third_Party/FreeRTOS/Source/portable/MemMang/heap_4.o
 .bss.xNumberOfSuccessfulFrees
                0x20001d88        0x4 ./Middlewares/Third_Party/FreeRTOS/Source/portable/MemMang/heap_4.o
 .bss.xBlockAllocatedBit
                0x20001d8c        0x4 ./Middlewares/Third_Party/FreeRTOS/Source/portable/MemMang/heap_4.o
 .bss.printf_arr_long
                0x20001d90     0x2710 ./swisslog/Task/Src/LogDebugInfo.o
 .bss.printf_pos_long
                0x200044a0        0x4 ./swisslog/Task/Src/LogDebugInfo.o
 .bss.rx_slave_addr
                0x200044a4        0x1 ./swisslog/Task/Src/Task_Parse.o
                0x200044a4                rx_slave_addr
 .bss.rx_func_code
                0x200044a5        0x1 ./swisslog/Task/Src/Task_Parse.o
                0x200044a5                rx_func_code
 .bss.rx_crc16_low
                0x200044a6        0x1 ./swisslog/Task/Src/Task_Parse.o
                0x200044a6                rx_crc16_low
 .bss.rx_crc16_high
                0x200044a7        0x1 ./swisslog/Task/Src/Task_Parse.o
                0x200044a7                rx_crc16_high
 .bss.seted_slave_addr_current
                0x200044a8        0x1 ./swisslog/Task/Src/Task_Parse.o
                0x200044a8                seted_slave_addr_current
 .bss.seted_slave_addr_last
                0x200044a9        0x1 ./swisslog/Task/Src/Task_Parse.o
                0x200044a9                seted_slave_addr_last
 *fill*         0x200044aa        0x2 
 .bss.rs485_recv
                0x200044ac        0x3 ./swisslog/Task/Src/Task_Parse.o
                0x200044ac                rs485_recv
 .bss.cal_crc16_low
                0x200044af        0x1 ./swisslog/Task/Src/Task_Parse.o
                0x200044af                cal_crc16_low
 .bss.cal_crc16_high
                0x200044b0        0x1 ./swisslog/Task/Src/Task_Parse.o
                0x200044b0                cal_crc16_high
 *fill*         0x200044b1        0x3 
 .bss.Package_Data
                0x200044b4      0x100 ./swisslog/Task/Src/Task_Parse.o
                0x200044b4                Package_Data
 .bss.Blink_Flag
                0x200045b4        0x1 ./swisslog/Task/Src/Task_Parse.o
                0x200045b4                Blink_Flag
 .bss.Display_Flag
                0x200045b5        0x1 ./swisslog/Task/Src/Task_Parse.o
                0x200045b5                Display_Flag
 *fill*         0x200045b6        0x2 
 .bss.Rx_Buffer
                0x200045b8      0x100 ./swisslog/Task/Src/Task_rs485.o
                0x200045b8                Rx_Buffer
 .bss.Rx_Len    0x200046b8        0x2 ./swisslog/Task/Src/Task_rs485.o
                0x200046b8                Rx_Len
 *fill*         0x200046ba        0x2 
 .bss.__sf      0x200046bc      0x138 C:/STM32/STM32CubeIDE_1.19.0/STM32CubeIDE/plugins/com.st.stm32cube.ide.mcu.externaltools.gnu-tools-for-stm32.13.3.rel1.win32_1.0.0.202411081344/tools/bin/../lib/gcc/arm-none-eabi/13.3.1/../../../../arm-none-eabi/lib/thumb/v7-m/nofp\libc_nano.a(libc_a-findfp.o)
                0x200046bc                __sf
 .bss.errno     0x200047f4        0x4 C:/STM32/STM32CubeIDE_1.19.0/STM32CubeIDE/plugins/com.st.stm32cube.ide.mcu.externaltools.gnu-tools-for-stm32.13.3.rel1.win32_1.0.0.202411081344/tools/bin/../lib/gcc/arm-none-eabi/13.3.1/../../../../arm-none-eabi/lib/thumb/v7-m/nofp\libc_nano.a(libc_a-reent.o)
                0x200047f4                errno
 .bss.__lock___malloc_recursive_mutex
                0x200047f8        0x1 C:/STM32/STM32CubeIDE_1.19.0/STM32CubeIDE/plugins/com.st.stm32cube.ide.mcu.externaltools.gnu-tools-for-stm32.13.3.rel1.win32_1.0.0.202411081344/tools/bin/../lib/gcc/arm-none-eabi/13.3.1/../../../../arm-none-eabi/lib/thumb/v7-m/nofp\libc_nano.a(libc_a-lock.o)
                0x200047f8                __lock___malloc_recursive_mutex
 *fill*         0x200047f9        0x3 
 .bss.__malloc_sbrk_start
                0x200047fc        0x4 C:/STM32/STM32CubeIDE_1.19.0/STM32CubeIDE/plugins/com.st.stm32cube.ide.mcu.externaltools.gnu-tools-for-stm32.13.3.rel1.win32_1.0.0.202411081344/tools/bin/../lib/gcc/arm-none-eabi/13.3.1/../../../../arm-none-eabi/lib/thumb/v7-m/nofp\libc_nano.a(libc_a-mallocr.o)
                0x200047fc                __malloc_sbrk_start
 .bss.__malloc_free_list
                0x20004800        0x4 C:/STM32/STM32CubeIDE_1.19.0/STM32CubeIDE/plugins/com.st.stm32cube.ide.mcu.externaltools.gnu-tools-for-stm32.13.3.rel1.win32_1.0.0.202411081344/tools/bin/../lib/gcc/arm-none-eabi/13.3.1/../../../../arm-none-eabi/lib/thumb/v7-m/nofp\libc_nano.a(libc_a-mallocr.o)
                0x20004800                __malloc_free_list
 *(COMMON)
                0x20004804                        . = ALIGN (0x4)
                0x20004804                        _ebss = .
                0x20004804                        __bss_end__ = _ebss

._user_heap_stack
                0x20004804      0x604 load address 0x0800865c
                0x20004808                        . = ALIGN (0x8)
 *fill*         0x20004804        0x4 
                [!provide]                        PROVIDE (end = .)
                0x20004808                        PROVIDE (_end = .)
                0x20004a08                        . = (. + _Min_Heap_Size)
 *fill*         0x20004808      0x200 
                0x20004e08                        . = (. + _Min_Stack_Size)
 *fill*         0x20004a08      0x400 
                0x20004e08                        . = ALIGN (0x8)

/DISCARD/
 libc.a(*)
 libm.a(*)
 libgcc.a(*)

.ARM.attributes
                0x00000000       0x29
 *(.ARM.attributes)
 .ARM.attributes
                0x00000000       0x1d C:/STM32/STM32CubeIDE_1.19.0/STM32CubeIDE/plugins/com.st.stm32cube.ide.mcu.externaltools.gnu-tools-for-stm32.13.3.rel1.win32_1.0.0.202411081344/tools/bin/../lib/gcc/arm-none-eabi/13.3.1/thumb/v7-m/nofp/crti.o
 .ARM.attributes
                0x0000001d       0x2d C:/STM32/STM32CubeIDE_1.19.0/STM32CubeIDE/plugins/com.st.stm32cube.ide.mcu.externaltools.gnu-tools-for-stm32.13.3.rel1.win32_1.0.0.202411081344/tools/bin/../lib/gcc/arm-none-eabi/13.3.1/thumb/v7-m/nofp/crtbegin.o
 .ARM.attributes
                0x0000004a       0x2d ./Core/Src/dma.o
 .ARM.attributes
                0x00000077       0x2d ./Core/Src/freertos.o
 .ARM.attributes
                0x000000a4       0x2d ./Core/Src/gpio.o
 .ARM.attributes
                0x000000d1       0x2d ./Core/Src/main.o
 .ARM.attributes
                0x000000fe       0x2d ./Core/Src/stm32f1xx_hal_msp.o
 .ARM.attributes
                0x0000012b       0x2d ./Core/Src/stm32f1xx_hal_timebase_tim.o
 .ARM.attributes
                0x00000158       0x2d ./Core/Src/stm32f1xx_it.o
 .ARM.attributes
                0x00000185       0x2d ./Core/Src/sysmem.o
 .ARM.attributes
                0x000001b2       0x2d ./Core/Src/system_stm32f1xx.o
 .ARM.attributes
                0x000001df       0x2d ./Core/Src/usart.o
 .ARM.attributes
                0x0000020c       0x21 ./Core/Startup/startup_stm32f103c8tx.o
 .ARM.attributes
                0x0000022d       0x2d ./Drivers/STM32F1xx_HAL_Driver/Src/stm32f1xx_hal.o
 .ARM.attributes
                0x0000025a       0x2d ./Drivers/STM32F1xx_HAL_Driver/Src/stm32f1xx_hal_cortex.o
 .ARM.attributes
                0x00000287       0x2d ./Drivers/STM32F1xx_HAL_Driver/Src/stm32f1xx_hal_dma.o
 .ARM.attributes
                0x000002b4       0x2d ./Drivers/STM32F1xx_HAL_Driver/Src/stm32f1xx_hal_flash.o
 .ARM.attributes
                0x000002e1       0x2d ./Drivers/STM32F1xx_HAL_Driver/Src/stm32f1xx_hal_flash_ex.o
 .ARM.attributes
                0x0000030e       0x2d ./Drivers/STM32F1xx_HAL_Driver/Src/stm32f1xx_hal_gpio.o
 .ARM.attributes
                0x0000033b       0x2d ./Drivers/STM32F1xx_HAL_Driver/Src/stm32f1xx_hal_rcc.o
 .ARM.attributes
                0x00000368       0x2d ./Drivers/STM32F1xx_HAL_Driver/Src/stm32f1xx_hal_tim.o
 .ARM.attributes
                0x00000395       0x2d ./Drivers/STM32F1xx_HAL_Driver/Src/stm32f1xx_hal_tim_ex.o
 .ARM.attributes
                0x000003c2       0x2d ./Drivers/STM32F1xx_HAL_Driver/Src/stm32f1xx_hal_uart.o
 .ARM.attributes
                0x000003ef       0x2d ./Middlewares/Third_Party/FreeRTOS/Source/CMSIS_RTOS_V2/cmsis_os2.o
 .ARM.attributes
                0x0000041c       0x2d ./Middlewares/Third_Party/FreeRTOS/Source/list.o
 .ARM.attributes
                0x00000449       0x2d ./Middlewares/Third_Party/FreeRTOS/Source/queue.o
 .ARM.attributes
                0x00000476       0x2d ./Middlewares/Third_Party/FreeRTOS/Source/tasks.o
 .ARM.attributes
                0x000004a3       0x2d ./Middlewares/Third_Party/FreeRTOS/Source/timers.o
 .ARM.attributes
                0x000004d0       0x2d ./Middlewares/Third_Party/FreeRTOS/Source/portable/GCC/ARM_CM3/port.o
 .ARM.attributes
                0x000004fd       0x2d ./Middlewares/Third_Party/FreeRTOS/Source/portable/MemMang/heap_4.o
 .ARM.attributes
                0x0000052a       0x2d ./swisslog/Task/Src/Calculate_Crc16.o
 .ARM.attributes
                0x00000557       0x2d ./swisslog/Task/Src/LogDebugInfo.o
 .ARM.attributes
                0x00000584       0x2d ./swisslog/Task/Src/Task_Flash.o
 .ARM.attributes
                0x000005b1       0x2d ./swisslog/Task/Src/Task_Init.o
 .ARM.attributes
                0x000005de       0x2d ./swisslog/Task/Src/Task_LED_Segment.o
 .ARM.attributes
                0x0000060b       0x2d ./swisslog/Task/Src/Task_Parse.o
 .ARM.attributes
                0x00000638       0x2d ./swisslog/Task/Src/Task_Slave_Addr.o
 .ARM.attributes
                0x00000665       0x2d ./swisslog/Task/Src/Task_rs485.o
 .ARM.attributes
                0x00000692       0x2d C:/STM32/STM32CubeIDE_1.19.0/STM32CubeIDE/plugins/com.st.stm32cube.ide.mcu.externaltools.gnu-tools-for-stm32.13.3.rel1.win32_1.0.0.202411081344/tools/bin/../lib/gcc/arm-none-eabi/13.3.1/../../../../arm-none-eabi/lib/thumb/v7-m/nofp\libc_nano.a(libc_a-findfp.o)
 .ARM.attributes
                0x000006bf       0x2d C:/STM32/STM32CubeIDE_1.19.0/STM32CubeIDE/plugins/com.st.stm32cube.ide.mcu.externaltools.gnu-tools-for-stm32.13.3.rel1.win32_1.0.0.202411081344/tools/bin/../lib/gcc/arm-none-eabi/13.3.1/../../../../arm-none-eabi/lib/thumb/v7-m/nofp\libc_nano.a(libc_a-snprintf.o)
 .ARM.attributes
                0x000006ec       0x2d C:/STM32/STM32CubeIDE_1.19.0/STM32CubeIDE/plugins/com.st.stm32cube.ide.mcu.externaltools.gnu-tools-for-stm32.13.3.rel1.win32_1.0.0.202411081344/tools/bin/../lib/gcc/arm-none-eabi/13.3.1/../../../../arm-none-eabi/lib/thumb/v7-m/nofp\libc_nano.a(libc_a-vsnprintf.o)
 .ARM.attributes
                0x00000719       0x2d C:/STM32/STM32CubeIDE_1.19.0/STM32CubeIDE/plugins/com.st.stm32cube.ide.mcu.externaltools.gnu-tools-for-stm32.13.3.rel1.win32_1.0.0.202411081344/tools/bin/../lib/gcc/arm-none-eabi/13.3.1/../../../../arm-none-eabi/lib/thumb/v7-m/nofp\libc_nano.a(libc_a-memset.o)
 .ARM.attributes
                0x00000746       0x2d C:/STM32/STM32CubeIDE_1.19.0/STM32CubeIDE/plugins/com.st.stm32cube.ide.mcu.externaltools.gnu-tools-for-stm32.13.3.rel1.win32_1.0.0.202411081344/tools/bin/../lib/gcc/arm-none-eabi/13.3.1/../../../../arm-none-eabi/lib/thumb/v7-m/nofp\libc_nano.a(libc_a-reent.o)
 .ARM.attributes
                0x00000773       0x2d C:/STM32/STM32CubeIDE_1.19.0/STM32CubeIDE/plugins/com.st.stm32cube.ide.mcu.externaltools.gnu-tools-for-stm32.13.3.rel1.win32_1.0.0.202411081344/tools/bin/../lib/gcc/arm-none-eabi/13.3.1/../../../../arm-none-eabi/lib/thumb/v7-m/nofp\libc_nano.a(libc_a-impure.o)
 .ARM.attributes
                0x000007a0       0x2d C:/STM32/STM32CubeIDE_1.19.0/STM32CubeIDE/plugins/com.st.stm32cube.ide.mcu.externaltools.gnu-tools-for-stm32.13.3.rel1.win32_1.0.0.202411081344/tools/bin/../lib/gcc/arm-none-eabi/13.3.1/../../../../arm-none-eabi/lib/thumb/v7-m/nofp\libc_nano.a(libc_a-errno.o)
 .ARM.attributes
                0x000007cd       0x2d C:/STM32/STM32CubeIDE_1.19.0/STM32CubeIDE/plugins/com.st.stm32cube.ide.mcu.externaltools.gnu-tools-for-stm32.13.3.rel1.win32_1.0.0.202411081344/tools/bin/../lib/gcc/arm-none-eabi/13.3.1/../../../../arm-none-eabi/lib/thumb/v7-m/nofp\libc_nano.a(libc_a-init.o)
 .ARM.attributes
                0x000007fa       0x2d C:/STM32/STM32CubeIDE_1.19.0/STM32CubeIDE/plugins/com.st.stm32cube.ide.mcu.externaltools.gnu-tools-for-stm32.13.3.rel1.win32_1.0.0.202411081344/tools/bin/../lib/gcc/arm-none-eabi/13.3.1/../../../../arm-none-eabi/lib/thumb/v7-m/nofp\libc_nano.a(libc_a-lock.o)
 .ARM.attributes
                0x00000827       0x2d C:/STM32/STM32CubeIDE_1.19.0/STM32CubeIDE/plugins/com.st.stm32cube.ide.mcu.externaltools.gnu-tools-for-stm32.13.3.rel1.win32_1.0.0.202411081344/tools/bin/../lib/gcc/arm-none-eabi/13.3.1/../../../../arm-none-eabi/lib/thumb/v7-m/nofp\libc_nano.a(libc_a-memcpy-stub.o)
 .ARM.attributes
                0x00000854       0x2d C:/STM32/STM32CubeIDE_1.19.0/STM32CubeIDE/plugins/com.st.stm32cube.ide.mcu.externaltools.gnu-tools-for-stm32.13.3.rel1.win32_1.0.0.202411081344/tools/bin/../lib/gcc/arm-none-eabi/13.3.1/../../../../arm-none-eabi/lib/thumb/v7-m/nofp\libc_nano.a(libc_a-freer.o)
 .ARM.attributes
                0x00000881       0x2d C:/STM32/STM32CubeIDE_1.19.0/STM32CubeIDE/plugins/com.st.stm32cube.ide.mcu.externaltools.gnu-tools-for-stm32.13.3.rel1.win32_1.0.0.202411081344/tools/bin/../lib/gcc/arm-none-eabi/13.3.1/../../../../arm-none-eabi/lib/thumb/v7-m/nofp\libc_nano.a(libc_a-mallocr.o)
 .ARM.attributes
                0x000008ae       0x2d C:/STM32/STM32CubeIDE_1.19.0/STM32CubeIDE/plugins/com.st.stm32cube.ide.mcu.externaltools.gnu-tools-for-stm32.13.3.rel1.win32_1.0.0.202411081344/tools/bin/../lib/gcc/arm-none-eabi/13.3.1/../../../../arm-none-eabi/lib/thumb/v7-m/nofp\libc_nano.a(libc_a-mlock.o)
 .ARM.attributes
                0x000008db       0x2d C:/STM32/STM32CubeIDE_1.19.0/STM32CubeIDE/plugins/com.st.stm32cube.ide.mcu.externaltools.gnu-tools-for-stm32.13.3.rel1.win32_1.0.0.202411081344/tools/bin/../lib/gcc/arm-none-eabi/13.3.1/../../../../arm-none-eabi/lib/thumb/v7-m/nofp\libc_nano.a(libc_a-nano-svfprintf.o)
 .ARM.attributes
                0x00000908       0x2d C:/STM32/STM32CubeIDE_1.19.0/STM32CubeIDE/plugins/com.st.stm32cube.ide.mcu.externaltools.gnu-tools-for-stm32.13.3.rel1.win32_1.0.0.202411081344/tools/bin/../lib/gcc/arm-none-eabi/13.3.1/../../../../arm-none-eabi/lib/thumb/v7-m/nofp\libc_nano.a(libc_a-nano-vfprintf_i.o)
 .ARM.attributes
                0x00000935       0x2d C:/STM32/STM32CubeIDE_1.19.0/STM32CubeIDE/plugins/com.st.stm32cube.ide.mcu.externaltools.gnu-tools-for-stm32.13.3.rel1.win32_1.0.0.202411081344/tools/bin/../lib/gcc/arm-none-eabi/13.3.1/../../../../arm-none-eabi/lib/thumb/v7-m/nofp\libc_nano.a(libc_a-memmove.o)
 .ARM.attributes
                0x00000962       0x2d C:/STM32/STM32CubeIDE_1.19.0/STM32CubeIDE/plugins/com.st.stm32cube.ide.mcu.externaltools.gnu-tools-for-stm32.13.3.rel1.win32_1.0.0.202411081344/tools/bin/../lib/gcc/arm-none-eabi/13.3.1/../../../../arm-none-eabi/lib/thumb/v7-m/nofp\libc_nano.a(libc_a-sbrkr.o)
 .ARM.attributes
                0x0000098f       0x2d C:/STM32/STM32CubeIDE_1.19.0/STM32CubeIDE/plugins/com.st.stm32cube.ide.mcu.externaltools.gnu-tools-for-stm32.13.3.rel1.win32_1.0.0.202411081344/tools/bin/../lib/gcc/arm-none-eabi/13.3.1/../../../../arm-none-eabi/lib/thumb/v7-m/nofp\libc_nano.a(libc_a-memchr-stub.o)
 .ARM.attributes
                0x000009bc       0x2d C:/STM32/STM32CubeIDE_1.19.0/STM32CubeIDE/plugins/com.st.stm32cube.ide.mcu.externaltools.gnu-tools-for-stm32.13.3.rel1.win32_1.0.0.202411081344/tools/bin/../lib/gcc/arm-none-eabi/13.3.1/../../../../arm-none-eabi/lib/thumb/v7-m/nofp\libc_nano.a(libc_a-reallocr.o)
 .ARM.attributes
                0x000009e9       0x2d C:/STM32/STM32CubeIDE_1.19.0/STM32CubeIDE/plugins/com.st.stm32cube.ide.mcu.externaltools.gnu-tools-for-stm32.13.3.rel1.win32_1.0.0.202411081344/tools/bin/../lib/gcc/arm-none-eabi/13.3.1/../../../../arm-none-eabi/lib/thumb/v7-m/nofp\libc_nano.a(libc_a-msizer.o)
 .ARM.attributes
                0x00000a16       0x1d C:/STM32/STM32CubeIDE_1.19.0/STM32CubeIDE/plugins/com.st.stm32cube.ide.mcu.externaltools.gnu-tools-for-stm32.13.3.rel1.win32_1.0.0.202411081344/tools/bin/../lib/gcc/arm-none-eabi/13.3.1/thumb/v7-m/nofp/crtn.o
OUTPUT(LED_Segment.elf elf32-littlearm)
LOAD linker stubs
LOAD C:/STM32/STM32CubeIDE_1.19.0/STM32CubeIDE/plugins/com.st.stm32cube.ide.mcu.externaltools.gnu-tools-for-stm32.13.3.rel1.win32_1.0.0.202411081344/tools/bin/../lib/gcc/arm-none-eabi/13.3.1/../../../../arm-none-eabi/lib/thumb/v7-m/nofp\libc.a
LOAD C:/STM32/STM32CubeIDE_1.19.0/STM32CubeIDE/plugins/com.st.stm32cube.ide.mcu.externaltools.gnu-tools-for-stm32.13.3.rel1.win32_1.0.0.202411081344/tools/bin/../lib/gcc/arm-none-eabi/13.3.1/../../../../arm-none-eabi/lib/thumb/v7-m/nofp\libm.a
LOAD C:/STM32/STM32CubeIDE_1.19.0/STM32CubeIDE/plugins/com.st.stm32cube.ide.mcu.externaltools.gnu-tools-for-stm32.13.3.rel1.win32_1.0.0.202411081344/tools/bin/../lib/gcc/arm-none-eabi/13.3.1/thumb/v7-m/nofp\libgcc.a

.debug_info     0x00000000    0x1a43d
 .debug_info    0x00000000      0x2cf ./Core/Src/dma.o
 .debug_info    0x000002cf      0x538 ./Core/Src/freertos.o
 .debug_info    0x00000807      0x2d3 ./Core/Src/gpio.o
 .debug_info    0x00000ada      0xb53 ./Core/Src/main.o
 .debug_info    0x0000162d      0x361 ./Core/Src/stm32f1xx_hal_msp.o
 .debug_info    0x0000198e      0x9a8 ./Core/Src/stm32f1xx_hal_timebase_tim.o
 .debug_info    0x00002336      0xa45 ./Core/Src/stm32f1xx_it.o
 .debug_info    0x00002d7b      0x168 ./Core/Src/sysmem.o
 .debug_info    0x00002ee3      0x222 ./Core/Src/system_stm32f1xx.o
 .debug_info    0x00003105      0x9bf ./Core/Src/usart.o
 .debug_info    0x00003ac4       0x30 ./Core/Startup/startup_stm32f103c8tx.o
 .debug_info    0x00003af4      0x704 ./Drivers/STM32F1xx_HAL_Driver/Src/stm32f1xx_hal.o
 .debug_info    0x000041f8      0xa87 ./Drivers/STM32F1xx_HAL_Driver/Src/stm32f1xx_hal_cortex.o
 .debug_info    0x00004c7f      0x6d2 ./Drivers/STM32F1xx_HAL_Driver/Src/stm32f1xx_hal_dma.o
 .debug_info    0x00005351      0x4f8 ./Drivers/STM32F1xx_HAL_Driver/Src/stm32f1xx_hal_flash.o
 .debug_info    0x00005849      0x777 ./Drivers/STM32F1xx_HAL_Driver/Src/stm32f1xx_hal_flash_ex.o
 .debug_info    0x00005fc0      0x5ab ./Drivers/STM32F1xx_HAL_Driver/Src/stm32f1xx_hal_gpio.o
 .debug_info    0x0000656b      0x7d5 ./Drivers/STM32F1xx_HAL_Driver/Src/stm32f1xx_hal_rcc.o
 .debug_info    0x00006d40     0x2959 ./Drivers/STM32F1xx_HAL_Driver/Src/stm32f1xx_hal_tim.o
 .debug_info    0x00009699     0x149b ./Drivers/STM32F1xx_HAL_Driver/Src/stm32f1xx_hal_tim_ex.o
 .debug_info    0x0000ab34     0x2eed ./Drivers/STM32F1xx_HAL_Driver/Src/stm32f1xx_hal_uart.o
 .debug_info    0x0000da21     0x402c ./Middlewares/Third_Party/FreeRTOS/Source/CMSIS_RTOS_V2/cmsis_os2.o
 .debug_info    0x00011a4d      0x2af ./Middlewares/Third_Party/FreeRTOS/Source/list.o
 .debug_info    0x00011cfc     0x1b79 ./Middlewares/Third_Party/FreeRTOS/Source/queue.o
 .debug_info    0x00013875     0x28c1 ./Middlewares/Third_Party/FreeRTOS/Source/tasks.o
 .debug_info    0x00016136     0x1b50 ./Middlewares/Third_Party/FreeRTOS/Source/timers.o
 .debug_info    0x00017c86      0x494 ./Middlewares/Third_Party/FreeRTOS/Source/portable/GCC/ARM_CM3/port.o
 .debug_info    0x0001811a      0x4d5 ./Middlewares/Third_Party/FreeRTOS/Source/portable/MemMang/heap_4.o
 .debug_info    0x000185ef      0x123 ./swisslog/Task/Src/Calculate_Crc16.o
 .debug_info    0x00018712      0x7bf ./swisslog/Task/Src/LogDebugInfo.o
 .debug_info    0x00018ed1      0x2d2 ./swisslog/Task/Src/Task_Flash.o
 .debug_info    0x000191a3      0x124 ./swisslog/Task/Src/Task_Init.o
 .debug_info    0x000192c7      0x4fd ./swisslog/Task/Src/Task_LED_Segment.o
 .debug_info    0x000197c4      0x42a ./swisslog/Task/Src/Task_Parse.o
 .debug_info    0x00019bee      0x1ba ./swisslog/Task/Src/Task_Slave_Addr.o
 .debug_info    0x00019da8      0x695 ./swisslog/Task/Src/Task_rs485.o

.debug_abbrev   0x00000000     0x48e6
 .debug_abbrev  0x00000000       0xfc ./Core/Src/dma.o
 .debug_abbrev  0x000000fc      0x166 ./Core/Src/freertos.o
 .debug_abbrev  0x00000262      0x13f ./Core/Src/gpio.o
 .debug_abbrev  0x000003a1      0x248 ./Core/Src/main.o
 .debug_abbrev  0x000005e9      0x11c ./Core/Src/stm32f1xx_hal_msp.o
 .debug_abbrev  0x00000705      0x1f3 ./Core/Src/stm32f1xx_hal_timebase_tim.o
 .debug_abbrev  0x000008f8      0x204 ./Core/Src/stm32f1xx_it.o
 .debug_abbrev  0x00000afc       0xbc ./Core/Src/sysmem.o
 .debug_abbrev  0x00000bb8      0x13f ./Core/Src/system_stm32f1xx.o
 .debug_abbrev  0x00000cf7      0x21f ./Core/Src/usart.o
 .debug_abbrev  0x00000f16       0x24 ./Core/Startup/startup_stm32f103c8tx.o
 .debug_abbrev  0x00000f3a      0x201 ./Drivers/STM32F1xx_HAL_Driver/Src/stm32f1xx_hal.o
 .debug_abbrev  0x0000113b      0x2f8 ./Drivers/STM32F1xx_HAL_Driver/Src/stm32f1xx_hal_cortex.o
 .debug_abbrev  0x00001433      0x20b ./Drivers/STM32F1xx_HAL_Driver/Src/stm32f1xx_hal_dma.o
 .debug_abbrev  0x0000163e      0x250 ./Drivers/STM32F1xx_HAL_Driver/Src/stm32f1xx_hal_flash.o
 .debug_abbrev  0x0000188e      0x247 ./Drivers/STM32F1xx_HAL_Driver/Src/stm32f1xx_hal_flash_ex.o
 .debug_abbrev  0x00001ad5      0x1ca ./Drivers/STM32F1xx_HAL_Driver/Src/stm32f1xx_hal_gpio.o
 .debug_abbrev  0x00001c9f      0x2b3 ./Drivers/STM32F1xx_HAL_Driver/Src/stm32f1xx_hal_rcc.o
 .debug_abbrev  0x00001f52      0x277 ./Drivers/STM32F1xx_HAL_Driver/Src/stm32f1xx_hal_tim.o
 .debug_abbrev  0x000021c9      0x282 ./Drivers/STM32F1xx_HAL_Driver/Src/stm32f1xx_hal_tim_ex.o
 .debug_abbrev  0x0000244b      0x2f8 ./Drivers/STM32F1xx_HAL_Driver/Src/stm32f1xx_hal_uart.o
 .debug_abbrev  0x00002743      0x548 ./Middlewares/Third_Party/FreeRTOS/Source/CMSIS_RTOS_V2/cmsis_os2.o
 .debug_abbrev  0x00002c8b       0xf5 ./Middlewares/Third_Party/FreeRTOS/Source/list.o
 .debug_abbrev  0x00002d80      0x3b6 ./Middlewares/Third_Party/FreeRTOS/Source/queue.o
 .debug_abbrev  0x00003136      0x3fe ./Middlewares/Third_Party/FreeRTOS/Source/tasks.o
 .debug_abbrev  0x00003534      0x368 ./Middlewares/Third_Party/FreeRTOS/Source/timers.o
 .debug_abbrev  0x0000389c      0x258 ./Middlewares/Third_Party/FreeRTOS/Source/portable/GCC/ARM_CM3/port.o
 .debug_abbrev  0x00003af4      0x21d ./Middlewares/Third_Party/FreeRTOS/Source/portable/MemMang/heap_4.o
 .debug_abbrev  0x00003d11       0xa6 ./swisslog/Task/Src/Calculate_Crc16.o
 .debug_abbrev  0x00003db7      0x226 ./swisslog/Task/Src/LogDebugInfo.o
 .debug_abbrev  0x00003fdd      0x19f ./swisslog/Task/Src/Task_Flash.o
 .debug_abbrev  0x0000417c       0xfd ./swisslog/Task/Src/Task_Init.o
 .debug_abbrev  0x00004279      0x1ed ./swisslog/Task/Src/Task_LED_Segment.o
 .debug_abbrev  0x00004466      0x19c ./swisslog/Task/Src/Task_Parse.o
 .debug_abbrev  0x00004602       0xf4 ./swisslog/Task/Src/Task_Slave_Addr.o