../Core/Src/stm32f1xx_it.c:82:6:NMI_Handler	4	static
../Core/Src/stm32f1xx_it.c:97:6:HardFault_Handler	4	static
../Core/Src/stm32f1xx_it.c:112:6:MemManage_Handler	4	static
../Core/Src/stm32f1xx_it.c:127:6:BusFault_Handler	4	static
../Core/Src/stm32f1xx_it.c:142:6:UsageFault_Handler	4	static
../Core/Src/stm32f1xx_it.c:157:6:DebugMon_Handler	4	static
../Core/Src/stm32f1xx_it.c:177:6:DMA1_Channel5_IRQHandler	8	static
../Core/Src/stm32f1xx_it.c:191:6:TIM4_IRQHandler	8	static
../Core/Src/stm32f1xx_it.c:205:6:USART1_IRQHandler	8	static
../Core/Src/stm32f1xx_it.c:219:6:USART2_IRQHandler	8	static
../Core/Src/stm32f1xx_it.c:231:6:HAL_UARTEx_RxEventCallback	24	static,ignoring_inline_asm
